
R version 3.3.1 (2016-06-21) -- "Bug in Your Hair"
Copyright (C) 2016 The R Foundation for Statistical Computing
Platform: x86_64-w64-mingw32/x64 (64-bit)

R is free software and comes with ABSOLUTELY NO WARRANTY.
You are welcome to redistribute it under certain conditions.
Type 'license()' or 'licence()' for distribution details.

  Natural language support but running in an English locale

R is a collaborative project with many contributors.
Type 'contributors()' for more information and
'citation()' on how to cite R or R packages in publications.

Type 'demo()' for some demos, 'help()' for on-line help, or
'help.start()' for an HTML browser interface to help.
Type 'q()' to quit R.

> pkgname <- "MAMI"
> source(file.path(R.home("share"), "R", "examples-header.R"))
> options(warn = 1)
> options(pager = "console")
> library('MAMI')
Loading required package: lasso2
R Package to solve regression problems while imposing
	 an L1 constraint on the parameters. Based on S-plus Release 2.1
Copyright (C) 1998, 1999
Justin Lokhorst   <jlokhors@stats.adelaide.edu.au>
Berwin A. Turlach <bturlach@stats.adelaide.edu.au>
Bill Venables     <wvenable@stats.adelaide.edu.au>

Copyright (C) 2002
Martin Maechler <maechler@stat.math.ethz.ch>
Loading required package: quadprog
Loading required package: corpcor
Loading required package: boot
Loading required package: MASS
Loading required package: survival

Attaching package: 'survival'

The following object is masked from 'package:boot':

    aml

Loading required package: MuMIn
Loading required package: zoo

Attaching package: 'zoo'

The following objects are masked from 'package:base':

    as.Date, as.Date.numeric

Loading required package: lme4
Loading required package: Matrix
Loading required package: Amelia
Loading required package: Rcpp
## 
## Amelia II: Multiple Imputation
## (Version 1.7.4, built: 2015-12-05)
## Copyright (C) 2005-2016 James Honaker, Gary King and Matthew Blackwell
## Refer to http://gking.harvard.edu/amelia/ for more information
## 
Loading required package: BMA
Loading required package: leaps
Loading required package: robustbase

Attaching package: 'robustbase'

The following object is masked from 'package:survival':

    heart

The following object is masked from 'package:boot':

    salinity

Loading required package: inline

Attaching package: 'inline'

The following object is masked from 'package:Rcpp':

    registerPlugin

Loading required package: rrcov
Scalable Robust Estimators with High Breakdown Point (version 1.4-3)

> 
> base::assign(".oldSearch", base::search(), pos = 'CheckExEnv')
> cleanEx()
> nameEx("HIV")
> ### * HIV
> 
> flush(stderr()); flush(stdout())
> 
> ### Name: HIV
> ### Title: HIV treatment data
> ### Aliases: HIV
> ### Keywords: Datasets HIV
> 
> ### ** Examples
> 
> data(HIV)
> str(HIV)
'data.frame':	5000 obs. of  14 variables:
 $ patient  : int  1 2 3 4 5 6 7 8 9 10 ...
 $ hospital : int  3 3 3 3 3 3 3 3 3 3 ...
 $ futime   : int  58 1717 1941 512 766 2242 998 2137 1415 1014 ...
 $ dead     : int  0 1 0 0 0 0 1 0 0 0 ...
 $ sex      : int  0 1 1 1 1 1 1 0 1 1 ...
 $ age      : int  39 38 34 22 28 36 26 30 30 36 ...
 $ cd4      : int  128 77 124 147 187 10 7 21 62 201 ...
 $ cd4slope6: num  1.89 -6.51 12.05 8.92 4.61 ...
 $ weight   : int  65 NA 62 63 NA NA NA 72 NA 68 ...
 $ period   : int  2004 2001 2001 2004 2004 2001 2001 2001 2001 2004 ...
 $ haem     : num  13.2 10.7 NA NA 12.7 ...
 $ stage    : int  2 3 3 2 3 3 NA 4 3 NA ...
 $ tb       : int  0 0 NA 0 0 NA 0 0 NA 0 ...
 $ cm       : int  0 NA 0 0 NA NA NA 0 0 0 ...
> 
> 
> 
> cleanEx()
> nameEx("lae")
> ### * lae
> 
> flush(stderr()); flush(stdout())
> 
> ### Name: lae
> ### Title: Lasso Averaging Estimation
> ### Aliases: lae
> ### Keywords: Model Averaging Shrinkage
> 
> ### ** Examples
> 
> library(lasso2)
> data(Prostate)
> lae(Prostate, ycol=9, kfold=10, my.formula=lpsa~.)
Coefficients:
              LAE est        se     LASSO        se       OLS     se
(Intercept)  2.478387  0.081857  2.478387  0.080295  2.478387 0.0719
lcavol       0.635901  0.101657  0.621150  0.084812  0.691880 0.1036
lweight      0.184649  0.092567  0.190604  0.079558  0.225699 0.0844
age         -0.063568  0.097746 -0.047802  0.069186 -0.146201 0.0832
lbph         0.100227  0.089490  0.103148  0.073640  0.155315 0.0848
svi          0.258033  0.099699  0.246185  0.078812  0.317185 0.1011
lcp         -0.064124  0.123083  0.000000  0.079712 -0.147478 0.1273
gleason      0.014172  0.066297  0.000000  0.050507  0.032594 0.1137
pgg45        0.074026  0.103155  0.063460  0.077115  0.127632 0.1247

        Importance
Interc.     1.0000
lcavol      1.0000
lweight     0.9621
age         0.4348
lbph        0.9621
svi         1.0000
lcp         0.4348
gleason     0.4348
pgg45       0.9621

LAE weights:
            w1 w2 w3 w4 w5 w6 w7 w8 w9 w10 w11 w12 w13 w14 w15 w16 w17 w18 w19
OCV weights  0  0  0  0  0  0  0  0  0   0   0   0   0   0   0   0   0   0   0
            w20 w21 w22 w23 w24 w25    w26 w27 w28 w29 w30 w31 w32 w33 w34 w35
OCV weights   0   0   0   0   0   0 0.0379   0   0   0   0   0   0   0   0   0
            w36 w37 w38 w39 w40 w41 w42 w43 w44 w45 w46 w47 w48 w49 w50 w51 w52
OCV weights   0   0   0   0   0   0   0   0   0   0   0   0   0   0   0   0   0
            w53 w54 w55 w56 w57 w58    w59   w60 w61 w62 w63 w64 w65 w66 w67
OCV weights   0   0   0   0   0   0 0.4683 0.059   0   0   0   0   0   0   0
            w68 w69 w70 w71 w72 w73 w74 w75 w76 w77 w78 w79 w80 w81 w82 w83 w84
OCV weights   0   0   0   0   0   0   0   0   0   0   0   0   0   0   0   0   0
            w85 w86 w87 w88 w89 w90 w91 w92 w93 w94 w95 w96 w97 w98 w99   w100
OCV weights   0   0   0   0   0   0   0   0   0   0   0   0   0   0   0 0.4348
> 
> 
> 
> cleanEx()
> nameEx("mami")
> ### * mami
> 
> flush(stderr()); flush(stdout())
> 
> ### Name: mami
> ### Title: Model averaging (and model selection) after multiple imputation
> ### Aliases: mami
> ### Keywords: Multiple Imputation Model Averaging Model Selection
> ###   Bootstrapping
> 
> ### ** Examples
> 
> ####################################################
> # Example 1: Freetrade example from Amelia package #
> #            Cross-Section-Time-Series Data        #
> #            Linear and linear mixed model         #
> ####################################################
> set.seed(24121980)
> library(Amelia)
> data(freetrade)
> freetrade$pop <- log(freetrade$pop) # in line with original publication
> freetrade_imp <- amelia(freetrade, ts = "year", cs = "country", noms="signed", polytime = 2, 
+                         intercs = TRUE, empri = 2)
-- Imputation 1 --

  1  2  3  4  5  6  7  8  9 10 11 12 13 14 15 16 17 18

-- Imputation 2 --

  1  2  3  4  5  6  7  8  9 10 11 12 13 14 15 16 17 18 19

-- Imputation 3 --

  1  2  3  4  5  6  7  8  9 10 11 12 13 14 15 16 17 18 19 20
 21 22 23

-- Imputation 4 --

  1  2  3  4  5  6  7  8  9 10 11 12 13 14 15 16 17 18 19 20
 21

-- Imputation 5 --

  1  2  3  4  5  6  7  8  9 10 11 12 13 14 15 16 17 18 19 20
 21 22

> 
> # AIC based model averaging and model selection in a linear model after MI 
> # (with and without bootstrapping)
> mami(freetrade_imp, method="criterion.selection", ycol="tariff",add.factor=c("country"))
Note: Bootstrap confidence intervals are preferred after model selection. Standard confidence intervals after model selection may be overoptimistic. 
Note: The following variables are treated as factors: country 
Busy with model selection in imputed dataset no. 1 
Busy with model selection in imputed dataset no. 2 
Busy with model selection in imputed dataset no. 3 
Busy with model selection in imputed dataset no. 4 
Busy with model selection in imputed dataset no. 5 

Estimates for model selection:

                                Estimate  Std.Error    Lower CI   Upper CI
X.Intercept.                  1597.33202 1369.50414 -1867.67351 5062.33756
year                            -0.94354    1.03973    -3.54033    1.65325
as.factor.country.Indonesia       3.4594   52.74272   -120.2095  127.12831
as.factor.country.Korea         25.39434   93.18269  -190.93238  241.72106
as.factor.country.Malaysia       53.9415  127.12597  -243.66388  351.54688
as.factor.country.Nepal         63.73796   127.8612  -235.80094  363.27687
as.factor.country.Pakistan      61.00586   69.52246  -101.70228    223.714
as.factor.country.Philippines   35.92483   88.37174  -171.13124  242.98091
as.factor.country.SriLanka      75.84967  131.71278  -232.85714  384.55647
as.factor.country.Thailand      47.47807   90.15657  -163.19612  258.15226
polity                          -0.05382    0.15262    -0.41284     0.3052
pop                             27.84534    33.6621   -51.08351  106.77419
gdp.pc                           0.00199    0.00159    -0.00184    0.00582
intresmi                         0.81825    1.00631     -1.5783     3.2148
signed                                 x          x           x          x
fiveop                         -17.28588    4.65392   -27.36953   -7.20223
usheg                          -50.29397   61.87492   -193.8785   93.29055


> mami(freetrade_imp, method="criterion.average", ycol="tariff",add.factor=c("country"))
Note: The following variables are treated as factors: country 
Busy with model averaging in imputed dataset no. 1 
Busy with model averaging in imputed dataset no. 2 
Busy with model averaging in imputed dataset no. 3 
Busy with model averaging in imputed dataset no. 4 
Busy with model averaging in imputed dataset no. 5 

Estimates for model averaging:

                                Estimate  Std.Error    Lower CI   Upper CI
X.Intercept.                  1531.52764 1240.52910 -1268.73426 4331.78954
year                            -8.71729   50.62492  -117.36945   99.93487
as.factor.country.Indonesia      3.26886   90.83256  -190.66106  197.19878
as.factor.country.Korea         24.32718  122.56553  -238.64987  287.30422
as.factor.country.Malaysia      33.96004  122.85873  -229.46826  297.38833
as.factor.country.Nepal         44.58599   66.34532   -97.06423  186.23621
as.factor.country.Pakistan      15.15131   84.73588  -166.35019  196.65282
as.factor.country.Philippines   44.97452  126.22769  -225.44522  315.39425
as.factor.country.SriLanka      26.28684   86.52752  -158.66576  211.23943
as.factor.country.Thailand     -16.33597    5.83056   -28.50499   -4.16694
polity                           0.00177    0.00145    -0.00141    0.00496
pop                              0.68860    0.88143    -1.14631    2.52352
gdp.pc                          -0.04294    0.16591    -0.37497    0.28909
intresmi                        19.99030   32.22889   -49.08672   89.06733
signed                           0.08939    1.25813    -2.39811    2.57689
fiveop                         -35.65853   55.64578  -148.03910   76.72203
usheg                           -0.83719    0.94310    -2.95384    1.27947

Estimates for model selection:

                                Estimate  Std.Error    Lower CI   Upper CI
X.Intercept.                  1597.33202 1369.50414 -1867.67351 5062.33756
year                            -0.94354    1.03973    -3.54033    1.65325
as.factor.country.Indonesia       3.4594   52.74272   -120.2095  127.12831
as.factor.country.Korea         25.39434   93.18269  -190.93238  241.72106
as.factor.country.Malaysia       53.9415  127.12597  -243.66388  351.54688
as.factor.country.Nepal         63.73796   127.8612  -235.80094  363.27687
as.factor.country.Pakistan      61.00586   69.52246  -101.70228    223.714
as.factor.country.Philippines   35.92483   88.37174  -171.13124  242.98091
as.factor.country.SriLanka      75.84967  131.71278  -232.85714  384.55647
as.factor.country.Thailand      47.47807   90.15657  -163.19612  258.15226
polity                          -0.05382    0.15262    -0.41284     0.3052
pop                             27.84534    33.6621   -51.08351  106.77419
gdp.pc                           0.00199    0.00159    -0.00184    0.00582
intresmi                         0.81825    1.00631     -1.5783     3.2148
signed                                 x          x           x          x
fiveop                         -17.28588    4.65392   -27.36953   -7.20223
usheg                          -50.29397   61.87492   -193.8785   93.29055

Variable importance (based on model averaging weights):

as.factor(country)             fiveop             gdp.pc               year 
              1.00               0.99               0.81               0.73 
          intresmi                pop              usheg             polity 
              0.60               0.56               0.52               0.38 
            signed 
              0.33 

> m1 <- mami(freetrade_imp, method="criterion.selection", ycol="tariff",add.factor=c("country"),
+            inference="+bootstrapping",B=25,X.org=freetrade,print.time=TRUE)
Note: The following variables are treated as factors: country 
Busy with model selection in imputed dataset no. 1 
Busy with model selection in imputed dataset no. 2 
Busy with model selection in imputed dataset no. 3 
Busy with model selection in imputed dataset no. 4 
Busy with model selection in imputed dataset no. 5 
The analysis will run for about another 0.26 minute(s) 
Now start with bootstrap estimation... 
-- Imputation 1 --

  1  2  3  4  5  6  7  8  9 10 11 12 13 14 15 16 17 18 19 20


-- Imputation 2 --

  1  2  3  4  5  6  7  8  9 10 11 12 13 14 15 16 17 18 19 20
 21

-- Imputation 3 --

  1  2  3  4  5  6  7  8  9 10 11 12 13 14 15 16 17 18 19 20
 21 22 23 24 25 26 27

-- Imputation 4 --

  1  2  3  4  5  6  7  8  9 10 11 12 13 14 15 16 17

-- Imputation 5 --

  1  2  3  4  5  6  7  8  9 10 11 12 13 14 15 16 17 18 19 20
 21 22 23

Busy with model selection in imputed dataset no. 1 
Busy with model selection in imputed dataset no. 2 
Busy with model selection in imputed dataset no. 3 
Busy with model selection in imputed dataset no. 4 
Busy with model selection in imputed dataset no. 5 
-- Imputation 1 --

  1  2  3  4  5  6  7  8  9 10 11 12 13 14 15 16 17 18 19 20
 21 22 23 24

-- Imputation 2 --

  1  2  3  4  5  6  7  8  9 10 11 12 13 14 15 16 17 18 19 20
 21 22 23 24 25

-- Imputation 3 --

  1  2  3  4  5  6  7  8  9 10 11 12 13 14 15 16 17 18 19 20
 21 22 23

-- Imputation 4 --

  1  2  3  4  5  6  7  8  9 10 11 12 13 14 15 16 17 18 19 20
 21 22

-- Imputation 5 --

  1  2  3  4  5  6  7  8  9 10 11 12 13 14 15 16 17 18 19 20
 21 22 23 24 25 26 27 28 29 30 31 32 33 34 35 36

Busy with model selection in imputed dataset no. 1 
Busy with model selection in imputed dataset no. 2 
Busy with model selection in imputed dataset no. 3 
Busy with model selection in imputed dataset no. 4 
Busy with model selection in imputed dataset no. 5 
-- Imputation 1 --

  1  2  3  4  5  6  7  8  9 10 11 12 13 14 15 16 17 18 19 20
 21 22

-- Imputation 2 --

  1  2  3  4  5  6  7  8  9 10 11 12 13 14 15 16 17 18 19

-- Imputation 3 --

  1  2  3  4  5  6  7  8  9 10 11 12 13 14 15 16 17 18 19 20
 21 22 23 24

-- Imputation 4 --

  1  2  3  4  5  6  7  8  9 10 11 12 13 14 15 16 17 18

-- Imputation 5 --

  1  2  3  4  5  6  7  8  9 10 11 12 13 14 15 16 17 18 19 20
 21 22 23 24 25 26 27

Busy with model selection in imputed dataset no. 1 
Busy with model selection in imputed dataset no. 2 
Busy with model selection in imputed dataset no. 3 
Busy with model selection in imputed dataset no. 4 
Busy with model selection in imputed dataset no. 5 
-- Imputation 1 --

  1  2  3  4  5  6  7  8  9 10 11 12 13 14 15 16 17 18 19 20
 21 22 23 24 25

-- Imputation 2 --

  1  2  3  4  5  6  7  8  9 10 11 12 13 14 15 16 17 18 19 20
 21 22 23 24 25 26 27 28 29 30 31 32 33 34 35 36 37 38 39 40
 41 42 43 44 45 46 47

-- Imputation 3 --

  1  2  3  4  5  6  7  8  9 10 11 12 13 14 15 16 17 18 19 20
 21 22 23

-- Imputation 4 --

  1  2  3  4  5  6  7  8  9 10 11 12 13 14 15 16 17 18 19 20
 21 22 23 24 25 26

-- Imputation 5 --

  1  2  3  4  5  6  7  8  9 10 11 12 13 14 15 16 17 18 19 20
 21 22 23

Busy with model selection in imputed dataset no. 1 
Busy with model selection in imputed dataset no. 2 
Busy with model selection in imputed dataset no. 3 
Busy with model selection in imputed dataset no. 4 
Busy with model selection in imputed dataset no. 5 
-- Imputation 1 --

  1  2  3  4  5  6  7  8  9 10 11 12 13 14 15 16 17 18 19 20
 21 22 23 24 25

-- Imputation 2 --

  1  2  3  4  5  6  7  8  9 10 11 12 13 14

-- Imputation 3 --

  1  2  3  4  5  6  7  8  9 10 11 12 13 14 15 16 17 18 19 20
 21 22 23 24 25 26 27 28

-- Imputation 4 --

  1  2  3  4  5  6  7  8  9 10 11 12 13 14 15 16 17 18 19 20
 21 22

-- Imputation 5 --

  1  2  3  4  5  6  7  8  9 10 11 12 13 14 15 16 17 18 19 20
 21 22 23 24 25

Busy with model selection in imputed dataset no. 1 
Busy with model selection in imputed dataset no. 2 
Busy with model selection in imputed dataset no. 3 
Busy with model selection in imputed dataset no. 4 
Busy with model selection in imputed dataset no. 5 
-- Imputation 1 --

  1  2  3  4  5  6  7  8  9 10 11 12 13 14 15 16 17 18 19 20
 21 22 23 24 25 26

-- Imputation 2 --

  1  2  3  4  5  6  7  8  9 10 11 12 13 14 15 16 17 18 19 20
 21 22 23

-- Imputation 3 --

  1  2  3  4  5  6  7  8  9 10 11 12 13 14 15 16 17 18 19 20
 21

-- Imputation 4 --

  1  2  3  4  5  6  7  8  9 10 11 12 13 14 15 16 17 18 19 20
 21 22 23 24

-- Imputation 5 --

  1  2  3  4  5  6  7  8  9 10 11 12 13 14 15 16 17 18 19 20
 21 22 23 24 25 26 27

Busy with model selection in imputed dataset no. 1 
Busy with model selection in imputed dataset no. 2 
Busy with model selection in imputed dataset no. 3 
Busy with model selection in imputed dataset no. 4 
Busy with model selection in imputed dataset no. 5 
-- Imputation 1 --

  1  2  3  4  5  6  7  8  9 10 11 12 13 14 15 16 17 18 19 20
 21 22 23 24 25 26 27 28 29 30 31 32 33 34

-- Imputation 2 --

  1  2  3  4  5  6  7  8  9 10 11 12 13 14 15 16 17 18 19 20
 21 22 23 24 25 26 27

-- Imputation 3 --

  1  2  3  4  5  6  7  8  9 10 11 12 13 14 15 16 17 18 19 20
 21 22 23 24

-- Imputation 4 --

  1  2  3  4  5  6  7  8  9 10 11 12 13 14 15 16 17 18 19 20
 21 22 23 24 25

-- Imputation 5 --

  1  2  3  4  5  6  7  8  9 10 11 12 13 14 15 16 17 18 19 20


Busy with model selection in imputed dataset no. 1 
Busy with model selection in imputed dataset no. 2 
Busy with model selection in imputed dataset no. 3 
Busy with model selection in imputed dataset no. 4 
Busy with model selection in imputed dataset no. 5 
-- Imputation 1 --

  1  2  3  4  5  6  7  8  9 10 11 12 13 14 15 16

-- Imputation 2 --

  1  2  3  4  5  6  7  8  9 10 11 12 13 14 15 16 17 18 19 20
 21 22 23 24 25 26 27

-- Imputation 3 --

  1  2  3  4  5  6  7  8  9 10 11 12 13 14 15 16 17 18 19 20
 21 22 23 24 25 26 27 28 29 30 31

-- Imputation 4 --

  1  2  3  4  5  6  7  8  9 10 11 12 13 14 15 16 17 18

-- Imputation 5 --

  1  2  3  4  5  6  7  8  9 10 11 12 13 14 15 16 17 18 19

Busy with model selection in imputed dataset no. 1 
Busy with model selection in imputed dataset no. 2 
Busy with model selection in imputed dataset no. 3 
Busy with model selection in imputed dataset no. 4 
Busy with model selection in imputed dataset no. 5 
-- Imputation 1 --

  1  2  3  4  5  6  7  8  9 10 11 12 13 14 15

-- Imputation 2 --

  1  2  3  4  5  6  7  8  9 10 11 12 13 14 15 16 17 18 19 20
 21 22 23 24 25 26 27 28 29 30 31 32

-- Imputation 3 --

  1  2  3  4  5  6  7  8  9 10 11 12 13 14 15 16 17 18 19 20
 21 22

-- Imputation 4 --

  1  2  3  4  5  6  7  8  9 10 11 12 13 14 15 16 17 18 19 20
 21

-- Imputation 5 --

  1  2  3  4  5  6  7  8  9 10 11 12 13 14 15 16 17 18

Busy with model selection in imputed dataset no. 1 
Busy with model selection in imputed dataset no. 2 
Busy with model selection in imputed dataset no. 3 
Busy with model selection in imputed dataset no. 4 
Busy with model selection in imputed dataset no. 5 
-- Imputation 1 --

  1  2  3  4  5  6  7  8  9 10 11 12 13 14 15 16 17 18 19 20
 21 22 23 24 25 26 27 28 29 30 31 32 33

-- Imputation 2 --

  1  2  3  4  5  6  7  8  9 10 11 12 13 14 15 16 17 18 19 20
 21 22 23 24 25 26 27 28 29 30 31 32 33 34 35 36 37 38 39 40
 41 42 43 44

-- Imputation 3 --

  1  2  3  4  5  6  7  8  9 10 11 12 13 14 15 16 17 18 19 20
 21 22 23 24

-- Imputation 4 --

  1  2  3  4  5  6  7  8  9 10 11 12 13 14 15 16 17 18 19 20
 21 22 23 24 25 26

-- Imputation 5 --

  1  2  3  4  5  6  7  8  9 10 11 12 13 14 15 16 17 18 19 20
 21 22 23 24 25 26 27 28 29 30 31

Busy with model selection in imputed dataset no. 1 
Busy with model selection in imputed dataset no. 2 
Busy with model selection in imputed dataset no. 3 
Busy with model selection in imputed dataset no. 4 
Busy with model selection in imputed dataset no. 5 
-- Imputation 1 --

  1  2  3  4  5  6  7  8  9 10 11 12 13 14 15 16 17 18 19 20
 21 22 23 24 25 26 27 28 29 30 31 32 33 34 35 36 37 38 39 40


-- Imputation 2 --

  1  2  3  4  5  6  7  8  9 10 11 12 13 14 15 16 17 18 19 20


-- Imputation 3 --

  1  2  3  4  5  6  7  8  9 10 11 12 13 14 15 16

-- Imputation 4 --

  1  2  3  4  5  6  7  8  9 10 11 12 13 14 15 16 17 18 19 20
 21 22 23 24

-- Imputation 5 --

  1  2  3  4  5  6  7  8  9 10 11 12 13 14 15 16 17 18 19 20
 21 22

Busy with model selection in imputed dataset no. 1 
Busy with model selection in imputed dataset no. 2 
Busy with model selection in imputed dataset no. 3 
Busy with model selection in imputed dataset no. 4 
Busy with model selection in imputed dataset no. 5 
-- Imputation 1 --

  1  2  3  4  5  6  7  8  9 10 11 12 13 14 15 16 17 18 19 20
 21 22 23 24 25 26 27 28 29 30 31 32 33 34 35 36 37 38 39 40
 41 42 43 44 45 46 47 48

-- Imputation 2 --

  1  2  3  4  5  6  7  8  9 10 11 12 13 14 15 16 17 18 19 20
 21 22 23 24 25 26 27 28 29 30

-- Imputation 3 --

  1  2  3  4  5  6  7  8  9 10 11 12 13 14 15 16 17 18 19 20
 21 22 23 24 25 26 27

-- Imputation 4 --

  1  2  3  4  5  6  7  8  9 10 11 12 13 14 15 16 17 18 19 20
 21 22 23 24 25 26 27 28 29 30 31 32 33 34 35 36 37 38 39 40
 41 42 43 44 45 46 47 48 49 50 51 52 53 54

-- Imputation 5 --

  1  2  3  4  5  6  7  8  9 10 11 12 13 14 15 16 17 18 19 20
 21 22 23 24 25 26 27

Busy with model selection in imputed dataset no. 1 
Busy with model selection in imputed dataset no. 2 
Busy with model selection in imputed dataset no. 3 
Busy with model selection in imputed dataset no. 4 
Busy with model selection in imputed dataset no. 5 
-- Imputation 1 --

  1  2  3  4  5  6  7  8  9 10 11 12 13 14 15 16 17 18 19

-- Imputation 2 --

  1  2  3  4  5  6  7  8  9 10 11 12 13 14 15 16 17 18 19 20
 21 22 23 24

-- Imputation 3 --

  1  2  3  4  5  6  7  8  9 10 11 12 13 14 15 16 17 18 19 20
 21 22 23 24 25 26 27 28 29 30

-- Imputation 4 --

  1  2  3  4  5  6  7  8  9 10 11 12 13 14 15 16 17 18 19 20
 21 22 23 24 25 26 27 28 29 30 31 32 33 34 35 36 37 38 39

-- Imputation 5 --

  1  2  3  4  5  6  7  8  9 10 11 12 13 14 15 16 17 18 19 20
 21 22 23 24 25 26 27 28 29 30 31 32 33 34 35 36 37 38 39 40
 41

Busy with model selection in imputed dataset no. 1 
Busy with model selection in imputed dataset no. 2 
Busy with model selection in imputed dataset no. 3 
Busy with model selection in imputed dataset no. 4 
Busy with model selection in imputed dataset no. 5 
-- Imputation 1 --

  1  2  3  4  5  6  7  8  9 10 11 12 13 14 15 16 17 18 19 20
 21 22 23 24 25 26 27 28

-- Imputation 2 --

  1  2  3  4  5  6  7  8  9 10 11 12 13 14 15 16 17 18 19 20
 21 22 23

-- Imputation 3 --

  1  2  3  4  5  6  7  8  9 10 11 12 13 14 15 16 17 18 19 20
 21 22 23 24 25 26 27 28 29

-- Imputation 4 --

  1  2  3  4  5  6  7  8  9 10 11 12 13 14 15 16 17 18 19 20
 21 22 23 24 25 26 27

-- Imputation 5 --

  1  2  3  4  5  6  7  8  9 10 11 12 13 14 15 16 17 18 19 20
 21 22 23 24 25

Busy with model selection in imputed dataset no. 1 
Busy with model selection in imputed dataset no. 2 
Busy with model selection in imputed dataset no. 3 
Busy with model selection in imputed dataset no. 4 
Busy with model selection in imputed dataset no. 5 
-- Imputation 1 --

  1  2  3  4  5  6  7  8  9 10 11 12 13 14 15 16 17 18 19 20
 21 22 23 24 25 26 27 28 29 30

-- Imputation 2 --

  1  2  3  4  5  6  7  8  9 10 11 12 13 14 15 16 17 18 19 20
 21 22 23 24 25 26 27 28 29 30 31 32 33

-- Imputation 3 --

  1  2  3  4  5  6  7  8  9 10 11 12 13 14 15 16 17 18 19 20
 21 22 23 24

-- Imputation 4 --

  1  2  3  4  5  6  7  8  9 10 11 12 13 14 15 16 17 18 19 20


-- Imputation 5 --

  1  2  3  4  5  6  7  8  9 10 11 12 13 14 15 16 17 18 19 20
 21 22 23 24 25 26 27 28 29 30

Busy with model selection in imputed dataset no. 1 
Busy with model selection in imputed dataset no. 2 
Busy with model selection in imputed dataset no. 3 
Busy with model selection in imputed dataset no. 4 
Busy with model selection in imputed dataset no. 5 
-- Imputation 1 --

  1  2  3  4  5  6  7  8  9 10 11 12 13 14 15 16 17 18 19 20
 21 22 23 24

-- Imputation 2 --

  1  2  3  4  5  6  7  8  9 10 11 12 13 14 15 16 17 18 19 20
 21

-- Imputation 3 --

  1  2  3  4  5  6  7  8  9 10 11 12 13 14 15 16 17 18 19 20
 21 22 23 24 25 26 27 28 29 30 31 32 33 34 35

-- Imputation 4 --

  1  2  3  4  5  6  7  8  9 10 11 12 13 14 15 16 17 18 19 20
 21 22 23 24 25 26 27 28 29 30 31 32 33 34 35 36 37 38 39 40
 41 42 43 44 45 46 47 48 49 50 51 52 53 54 55 56 57 58 59

-- Imputation 5 --

  1  2  3  4  5  6  7  8  9 10 11 12 13 14 15 16 17 18 19 20
 21 22 23 24 25 26 27 28 29 30 31 32 33 34 35 36 37 38 39 40
 41 42 43 44 45 46 47 48 49 50 51 52 53 54 55 56 57 58 59 60


Busy with model selection in imputed dataset no. 1 
Busy with model selection in imputed dataset no. 2 
Busy with model selection in imputed dataset no. 3 
Busy with model selection in imputed dataset no. 4 
Busy with model selection in imputed dataset no. 5 
-- Imputation 1 --

  1  2  3  4  5  6  7  8  9 10 11 12 13 14 15 16 17

-- Imputation 2 --

  1  2  3  4  5  6  7  8  9 10 11 12 13 14 15 16 17 18 19 20
 21 22 23 24 25 26 27 28

-- Imputation 3 --

  1  2  3  4  5  6  7  8  9 10 11 12 13 14 15 16 17 18 19 20
 21 22 23

-- Imputation 4 --

  1  2  3  4  5  6  7  8  9 10 11 12 13 14 15 16 17 18 19 20
 21 22

-- Imputation 5 --

  1  2  3  4  5  6  7  8  9 10 11 12 13 14 15 16 17

Busy with model selection in imputed dataset no. 1 
Busy with model selection in imputed dataset no. 2 
Busy with model selection in imputed dataset no. 3 
Busy with model selection in imputed dataset no. 4 
Busy with model selection in imputed dataset no. 5 
-- Imputation 1 --

  1  2  3  4  5  6  7  8  9 10 11 12 13 14 15 16 17 18 19 20
 21 22 23 24 25 26 27 28 29 30 31 32 33 34 35

-- Imputation 2 --

  1  2  3  4  5  6  7  8  9 10 11 12 13 14 15 16 17 18 19 20
 21 22 23

-- Imputation 3 --

  1  2  3  4  5  6  7  8  9 10 11 12 13 14 15 16 17 18 19 20
 21 22 23 24 25

-- Imputation 4 --

  1  2  3  4  5  6  7  8  9 10 11 12 13 14 15 16 17 18

-- Imputation 5 --

  1  2  3  4  5  6  7  8  9 10 11 12 13 14 15 16 17 18 19 20
 21 22 23 24 25 26 27 28 29 30 31 32 33 34 35 36 37 38 39 40
 41 42 43 44 45 46 47 48 49 50 51 52 53 54 55 56 57 58 59 60
 61 62 63 64 65 66 67 68 69 70 71 72 73 74 75 76 77 78 79 80
 81 82 83 84 85 86 87 88 89 90 91 92 93 94 95 96 97 98 99 100
 101 102 103 104 105 106 107 108 109 110 111 112 113 114 115 116 117 118 119 120
 121 122 123 124 125 126 127 128 129 130 131 132 133 134 135 136 137 138 139 140
 141 142 143 144 145 146 147 148 149 150 151 152 153 154 155 156 157 158 159 160
 161 162 163 164 165 166 167 168 169 170 171 172 173 174 175 176 177 178 179 180
 181 182 183 184 185 186 187 188 189 190

Busy with model selection in imputed dataset no. 1 
Busy with model selection in imputed dataset no. 2 
Busy with model selection in imputed dataset no. 3 
Busy with model selection in imputed dataset no. 4 
Busy with model selection in imputed dataset no. 5 
-- Imputation 1 --

  1  2  3  4  5  6  7  8  9 10 11 12 13 14 15 16 17 18 19 20
 21 22 23 24 25 26 27 28 29 30 31 32 33 34 35 36 37 38 39 40
 41 42 43 44 45 46

-- Imputation 2 --

  1  2  3  4  5  6  7  8  9 10 11 12 13 14 15 16 17 18 19 20
 21 22 23 24 25 26 27 28 29 30 31 32 33 34 35 36 37 38 39 40
 41 42 43

-- Imputation 3 --

  1  2  3  4  5  6  7  8  9 10 11 12 13 14 15 16 17 18 19 20
 21 22 23 24 25 26 27 28 29 30 31 32 33 34 35 36 37 38 39

-- Imputation 4 --

  1  2  3  4  5  6  7  8  9 10 11 12 13 14 15 16 17 18 19 20
 21 22 23 24 25 26 27 28 29 30 31 32 33 34 35 36 37 38 39 40


-- Imputation 5 --

  1  2  3  4  5  6  7  8  9 10 11 12 13 14 15 16 17 18 19 20
 21 22 23 24 25 26 27 28 29 30 31 32 33 34 35 36 37 38 39 40
 41 42

Busy with model selection in imputed dataset no. 1 
Busy with model selection in imputed dataset no. 2 
Busy with model selection in imputed dataset no. 3 
Busy with model selection in imputed dataset no. 4 
Busy with model selection in imputed dataset no. 5 
-- Imputation 1 --

  1  2  3  4  5  6  7  8  9 10 11 12 13 14 15 16 17 18 19 20
 21 22 23 24 25 26 27

-- Imputation 2 --

  1  2  3  4  5  6  7  8  9 10 11 12 13 14 15 16 17 18 19 20
 21 22 23 24 25 26 27 28 29 30 31 32 33 34 35 36 37 38 39 40
 41 42 43

-- Imputation 3 --

  1  2  3  4  5  6  7  8  9 10 11 12 13 14 15 16 17 18 19 20
 21 22 23 24 25 26 27 28 29 30 31 32 33 34 35 36 37 38 39 40
 41 42 43

-- Imputation 4 --

  1  2  3  4  5  6  7  8  9 10 11 12 13 14 15 16 17 18 19 20
 21 22 23 24 25 26

-- Imputation 5 --

  1  2  3  4  5  6  7  8  9 10 11 12 13 14 15 16 17 18 19 20
 21 22 23 24 25 26 27 28

Busy with model selection in imputed dataset no. 1 
Busy with model selection in imputed dataset no. 2 
Busy with model selection in imputed dataset no. 3 
Busy with model selection in imputed dataset no. 4 
Busy with model selection in imputed dataset no. 5 
-- Imputation 1 --

  1  2  3  4  5  6  7  8  9 10 11 12 13 14 15 16 17

-- Imputation 2 --

  1  2  3  4  5  6  7  8  9 10 11 12 13 14 15 16 17 18

-- Imputation 3 --

  1  2  3  4  5  6  7  8  9 10 11 12 13 14 15 16 17 18 19 20
 21 22 23 24 25 26

-- Imputation 4 --

  1  2  3  4  5  6  7  8  9 10 11 12 13 14 15 16 17 18 19 20
 21 22 23 24 25 26 27 28 29 30

-- Imputation 5 --

  1  2  3  4  5  6  7  8  9 10 11 12 13 14 15 16 17 18 19 20
 21 22 23 24 25 26 27

Busy with model selection in imputed dataset no. 1 
Busy with model selection in imputed dataset no. 2 
Busy with model selection in imputed dataset no. 3 
Busy with model selection in imputed dataset no. 4 
Busy with model selection in imputed dataset no. 5 
-- Imputation 1 --

  1  2  3  4  5  6  7  8  9 10 11 12 13 14 15 16 17 18

-- Imputation 2 --

  1  2  3  4  5  6  7  8  9 10 11 12 13 14 15 16 17 18 19 20
 21 22 23 24 25 26 27 28 29 30 31 32

-- Imputation 3 --

  1  2  3  4  5  6  7  8  9 10 11 12 13 14 15 16 17 18 19 20


-- Imputation 4 --

  1  2  3  4  5  6  7  8  9 10 11 12 13 14 15 16 17 18 19 20
 21 22 23 24 25 26 27 28 29 30 31 32 33 34

-- Imputation 5 --

  1  2  3  4  5  6  7  8  9 10 11 12 13 14 15 16 17 18 19

Busy with model selection in imputed dataset no. 1 
Busy with model selection in imputed dataset no. 2 
Busy with model selection in imputed dataset no. 3 
Busy with model selection in imputed dataset no. 4 
Busy with model selection in imputed dataset no. 5 
-- Imputation 1 --

  1  2  3  4  5  6  7  8  9 10 11 12 13 14 15 16 17 18 19

-- Imputation 2 --

  1  2  3  4  5  6  7  8  9 10 11 12 13 14 15 16 17 18 19 20
 21 22 23

-- Imputation 3 --

  1  2  3  4  5  6  7  8  9 10 11 12 13 14 15 16 17 18 19 20
 21 22 23 24 25 26 27 28 29 30 31

-- Imputation 4 --

  1  2  3  4  5  6  7  8  9 10 11 12 13 14 15 16 17 18 19 20
 21

-- Imputation 5 --

  1  2  3  4  5  6  7  8  9 10 11 12 13 14 15 16 17 18 19 20
 21 22 23 24 25 26 27

Busy with model selection in imputed dataset no. 1 
Busy with model selection in imputed dataset no. 2 
Busy with model selection in imputed dataset no. 3 
Busy with model selection in imputed dataset no. 4 
Busy with model selection in imputed dataset no. 5 
-- Imputation 1 --

  1  2  3  4  5  6  7  8  9 10 11 12 13 14 15 16 17 18 19 20
 21 22 23 24 25 26 27 28 29

-- Imputation 2 --

  1  2  3  4  5  6  7  8  9 10 11 12 13 14 15 16 17 18 19 20
 21 22 23 24 25 26 27 28 29 30 31

-- Imputation 3 --

  1  2  3  4  5  6  7  8  9 10 11 12 13 14 15 16 17 18 19 20
 21 22 23 24

-- Imputation 4 --

  1  2  3  4  5  6  7  8  9 10 11 12 13 14 15 16 17 18 19 20
 21 22 23 24 25 26 27

-- Imputation 5 --

  1  2  3  4  5  6  7  8  9 10 11 12 13 14 15 16 17 18 19 20
 21 22 23 24 25 26 27 28

Busy with model selection in imputed dataset no. 1 
Busy with model selection in imputed dataset no. 2 
Busy with model selection in imputed dataset no. 3 
Busy with model selection in imputed dataset no. 4 
Busy with model selection in imputed dataset no. 5 
-- Imputation 1 --

  1  2  3  4  5  6  7  8  9 10 11 12 13 14 15 16 17 18 19 20
 21 22

-- Imputation 2 --

  1  2  3  4  5  6  7  8  9 10 11 12 13 14 15 16 17 18 19 20
 21 22 23

-- Imputation 3 --

  1  2  3  4  5  6  7  8  9 10 11 12 13 14 15 16 17 18 19 20
 21 22 23 24 25 26

-- Imputation 4 --

  1  2  3  4  5  6  7  8  9 10 11 12 13 14 15 16 17 18 19

-- Imputation 5 --

  1  2  3  4  5  6  7  8  9 10 11 12 13 14 15 16 17 18 19 20
 21 22 23 24 25 26 27 28 29 30

Busy with model selection in imputed dataset no. 1 
Busy with model selection in imputed dataset no. 2 
Busy with model selection in imputed dataset no. 3 
Busy with model selection in imputed dataset no. 4 
Busy with model selection in imputed dataset no. 5 
-- Imputation 1 --

  1  2  3  4  5  6  7  8  9 10 11 12 13 14 15 16 17 18 19 20
 21 22 23 24 25

-- Imputation 2 --

  1  2  3  4  5  6  7  8  9 10 11 12 13 14 15 16 17 18 19 20
 21 22 23 24 25 26 27 28 29

-- Imputation 3 --

  1  2  3  4  5  6  7  8  9 10 11 12 13 14 15 16 17 18 19 20
 21 22 23 24 25

-- Imputation 4 --

  1  2  3  4  5  6  7  8  9 10 11 12 13 14 15 16 17 18 19 20
 21 22 23 24 25 26 27 28

-- Imputation 5 --

  1  2  3  4  5  6  7  8  9 10 11 12 13 14 15 16 17 18 19 20
 21

Busy with model selection in imputed dataset no. 1 
Busy with model selection in imputed dataset no. 2 
Busy with model selection in imputed dataset no. 3 
Busy with model selection in imputed dataset no. 4 
Busy with model selection in imputed dataset no. 5 
The analysis time was 0.22 minute(s) 
> m1         # be patient with bootstrapping, increase B>=200 for better results

Estimates for model selection:

                                Estimate  Std.Error    Lower CI   Upper CI
X.Intercept.                  1597.33202 1369.50414 -1867.67351 5062.33756
year                            -0.94354    1.03973    -3.54033    1.65325
as.factor.country.Indonesia       3.4594   52.74272   -120.2095  127.12831
as.factor.country.Korea         25.39434   93.18269  -190.93238  241.72106
as.factor.country.Malaysia       53.9415  127.12597  -243.66388  351.54688
as.factor.country.Nepal         63.73796   127.8612  -235.80094  363.27687
as.factor.country.Pakistan      61.00586   69.52246  -101.70228    223.714
as.factor.country.Philippines   35.92483   88.37174  -171.13124  242.98091
as.factor.country.SriLanka      75.84967  131.71278  -232.85714  384.55647
as.factor.country.Thailand      47.47807   90.15657  -163.19612  258.15226
polity                          -0.05382    0.15262    -0.41284     0.3052
pop                             27.84534    33.6621   -51.08351  106.77419
gdp.pc                           0.00199    0.00159    -0.00184    0.00582
intresmi                         0.81825    1.00631     -1.5783     3.2148
signed                                 x          x           x          x
fiveop                         -17.28588    4.65392   -27.36953   -7.20223
usheg                          -50.29397   61.87492   -193.8785   93.29055

Bootstrap estimates for model selection (based on 25 bootstrap samples):

                                Estimate   Lower CI   Upper CI (Boot. mean)
X.Intercept.                  1597.33202  968.76832 3783.86505   2058.91933
year                            -0.94354   -2.61381   -0.36182     -1.23443
as.factor.country.Indonesia      3.45940  -41.19848   91.59595     15.44296
as.factor.country.Korea         25.39434  -51.57749  168.84105     39.10474
as.factor.country.Malaysia      53.94150  -47.22527  256.06813     74.99668
as.factor.country.Nepal         63.73796  -41.20678  270.64378     85.58791
as.factor.country.Pakistan      61.00586    4.23338  173.89531     74.29840
as.factor.country.Philippines   35.92483  -33.55208  177.91299     52.43538
as.factor.country.SriLanka      75.84967  -29.68881  293.26724     99.94326
as.factor.country.Thailand      47.47807  -26.31568  187.12533     61.05759
polity                          -0.05382   -0.25602    0.32835      0.02522
pop                             27.84534   -0.90269   83.31361     33.48489
gdp.pc                           0.00199    0.00075    0.00456      0.00254
intresmi                         0.81825   -0.60415    2.78850      1.28974
signed                           0.00000   -3.36909    2.26397     -0.41179
fiveop                         -17.28588  -25.50866   -6.12502    -17.03176
usheg                          -50.29397 -184.24994   14.85828    -69.51169
                              (Boot. SE)
X.Intercept.                   793.60561
year                             0.63777
as.factor.country.Indonesia     41.24488
as.factor.country.Korea         71.50418
as.factor.country.Malaysia      97.91233
as.factor.country.Nepal         99.72915
as.factor.country.Pakistan      53.97655
as.factor.country.Philippines   68.08293
as.factor.country.SriLanka     103.05666
as.factor.country.Thailand      69.47082
polity                           0.15762
pop                             26.55962
gdp.pc                           0.00114
intresmi                         0.94646
signed                           1.50144
fiveop                           5.15444
usheg                           65.07984


> plot(m1, plots.p.page="4")
> 
> # For comparison: Mallow's model averaging (MMA) and complete case analysis 
> mami(freetrade_imp, method="MMA", ycol="tariff",add.factor=c("country"))
Note: The results of MMA depend on the ordering of the regressors. 
Note: The following variables are treated as factors: country 
Busy with Mallow's model averaging in imputed dataset no. 1 
Busy with Mallow's model averaging in imputed dataset no. 2 
Busy with Mallow's model averaging in imputed dataset no. 3 
Busy with Mallow's model averaging in imputed dataset no. 4 
Busy with Mallow's model averaging in imputed dataset no. 5 

Estimates for model averaging:

                                Estimate Std.Error   Lower CI   Upper CI
X.Intercept.                  2078.90537 996.86469  -11.24992 4169.06065
year                            -1.22559   0.69672   -2.67752    0.22634
as.factor.country.Indonesia      4.84096  44.71661  -83.90784   93.58977
as.factor.country.Korea         29.22787  79.51330 -128.32497  186.78071
as.factor.country.Malaysia      57.52572 108.59738 -157.89388  272.94533
as.factor.country.Nepal         66.43021 109.52568 -150.69935  283.55978
as.factor.country.Pakistan      62.47007  60.12983  -56.64370  181.58384
as.factor.country.Philippines   38.06620  75.97386 -112.60046  188.73286
as.factor.country.SriLanka      78.77825 113.51795 -146.32943  303.88594
as.factor.country.Thailand      49.75188  77.43954 -103.70975  203.21352
polity                          -0.06644   0.22793   -0.53523    0.40235
pop                             28.43870  29.06605  -29.20802   86.08543
gdp.pc                           0.00177   0.00144   -0.00115    0.00469
intresmi                         0.84889   0.85036   -0.86083    2.55861
signed                           0.13469   1.90403   -3.74758    4.01697
fiveop                         -12.49011   8.52185  -29.56859    4.58837
usheg                          -29.19939  51.40961 -133.56580   75.16702


> mami(freetrade, method="criterion.selection", missing.data="CC", ycol="tariff",
+      add.factor=c("country")) #Note the difference to imputed analysis  (e.g. usheg)
Note: you should use complete cases only if you are sure that this is appropriate! 
Note: Bootstrap confidence intervals are preferred after model selection. Standard confidence intervals after model selection may be overoptimistic. 
Note: The following variables are treated as factors: country 

Estimates for model selection:

                                Estimate  Std.Error   Lower CI   Upper CI
X.Intercept.                  3638.47056 1305.57156 1079.59732 6197.34379
year                            -2.65568    1.01101   -4.63722   -0.67414
as.factor.country.Indonesia    102.84864   63.06793  -20.76223  226.45951
as.factor.country.Korea        203.55139  115.69858  -23.21366  430.31644
as.factor.country.Malaysia     294.62775  153.07125   -5.38639  594.64189
as.factor.country.Nepal        304.05742  153.72109    2.76962  605.34522
as.factor.country.Pakistan     194.03814   84.26208    28.8875  359.18878
as.factor.country.Philippines  204.89279  106.53482   -3.91162   413.6972
as.factor.country.SriLanka     328.10108  158.51712   17.41323  638.78893
as.factor.country.Thailand     216.86541  108.95868    3.31032   430.4205
polity                                 x          x          x          x
pop                             92.77348   40.39191   13.60679  171.94017
gdp.pc                           0.00377    0.00127    0.00128    0.00626
intresmi                         2.31755     0.9723    0.41187    4.22322
signed                                 x          x          x          x
fiveop                         -16.16587    6.68814  -29.27439   -3.05736
usheg                                  x          x          x          x


>      
> 
> # Use linear mixed model with random intercept for country as alternative, just specify "id" option
> # Note: same procedure for random intercepts (frailty) in logistic, Poisson, or Cox Model 
> mami(freetrade_imp, ycol="tariff", id="country")
Busy with model averaging in imputed dataset no. 1 
Busy with model averaging in imputed dataset no. 2 
Busy with model averaging in imputed dataset no. 3 
Busy with model averaging in imputed dataset no. 4 
Busy with model averaging in imputed dataset no. 5 

Estimates for model averaging:

              Estimate Std.Error   Lower CI   Upper CI
X.Intercept. 883.03812 783.69135 -746.33398 2512.41022
year         -17.56202   6.03782  -30.00427   -5.11976
polity         0.00005   0.00036   -0.00066    0.00076
pop            0.84256   0.90225   -1.03895    2.72407
gdp.pc         0.00092   0.13732   -0.27278    0.27463
intresmi       9.10309   4.29037    0.69337   17.51281
signed         0.02169   1.91963   -3.87826    3.92165
fiveop       -63.16301  63.00205 -190.51741   64.19140
usheg         -0.38991   0.44027   -1.30038    0.52057

Estimates for model selection:

              Estimate Std.Error    Lower CI   Upper CI
X.Intercept. 903.96295 833.27904 -1089.32048 2897.24638
year          -0.40456   0.46774     -1.5197    0.71058
polity               x         x           x          x
pop            9.52351   3.96884     1.73872   17.30831
gdp.pc               x         x           x          x
intresmi       1.01751   0.87006    -0.88527    2.92029
signed         0.13414   2.36681    -4.81626    5.08453
fiveop       -17.59064   6.16802   -31.69572   -3.48557
usheg        -61.16195  67.22614  -204.61596   82.29207

Variable importance (based on model averaging weights):

  fiveop    usheg      pop intresmi   signed     year   polity   gdp.pc 
    1.00     0.99     0.97     0.71     0.67     0.62     0.22     0.02 

> 
> ####################################################################
> # Example 2: HIV treatment data, linear model and Cox model        #
> ####################################################################
> 
> # Impute with Amelia
> data(HIV)
> HIV_imp <-  amelia(HIV, m=5, idvars="patient",noms=c("hospital","sex","dead","tb","cm"),
+                    ords=c("period","stage"),logs=c("futime","cd4"),
+                    bounds=matrix(c(3,7,9,11,0,0,0,0,3000,5000,200,150),ncol=3,nrow=4))
-- Imputation 1 --

  1  2  3  4  5  6  7  8

-- Imputation 2 --

  1  2  3  4  5  6  7  8

-- Imputation 3 --

  1  2  3  4  5  6  7  8

-- Imputation 4 --

  1  2  3  4  5  6  7  8

-- Imputation 5 --

  1  2  3  4  5  6  7  8

> 
> # i)  Cox PH model
> # Model selection (with AIC) to select risk factors for the hazard of death, 
> # reported as hazard ratios
> # Also: add transformations and interaction terms to candidate models 
> mami(HIV_imp, method="criterion.selection",model.family="coxph", ycol=c("futime","dead"), 
+      add.factor=c("hospital","stage","period"), add.transformation=c("cd4^2","age^2"), 
+      add.interaction=list(c("cd4","age")), report.exp=TRUE, var.remove=c("patient","cd4slope6")) 
Note: Bootstrap confidence intervals are preferred after model selection. Standard confidence intervals after model selection may be overoptimistic. 
Note: The following variables are treated as factors: hospital stage period 
Busy with model selection in imputed dataset no. 1 
Busy with model selection in imputed dataset no. 2 
Busy with model selection in imputed dataset no. 3 
Busy with model selection in imputed dataset no. 4 
Busy with model selection in imputed dataset no. 5 

Estimates for model selection:

                      Estimate Std.Error Lower CI Upper CI
as.factor.hospital.4         x         x        x        x
as.factor.hospital.5         x         x        x        x
sex                     0.8194    1.1097    0.668    1.005
age                     1.0107    1.0082   0.9947    1.027
cd4                     0.9907    1.0026   0.9856   0.9958
weight                  0.9727    1.0049   0.9631   0.9825
as.factor.period.2004      0.8    1.1891   0.5436   1.1775
as.factor.period.2007    0.853    1.2951   0.5119   1.4212
haem                    0.9097    1.0284   0.8605   0.9618
as.factor.stage.3       1.4328    1.2393   0.9408   2.1821
as.factor.stage.4       2.2925    1.2376   1.5094   3.4819
tb                      1.4666    1.1449   1.1237   1.9142
cm                      1.5403    1.4285   0.6854   3.4618
I.cd4.2.                     x         x        x        x
I.age.2.                     x         x        x        x
age.cd4                 1.0001    1.0001        1   1.0003


> # Similar as above (= same but no hazard ratios reported, no interaction, hospitals as stratum),
> # but with boostrap CI and visualization of bootstrap distribution (be patient...it's worth it)
> m2 <- mami(HIV_imp, method="criterion.selection",model.family="coxph", inference="+bootstrapping",
+            X.org=HIV, ycol=c("futime","dead"), add.factor=c("stage","period"),
+            add.transformation=c("cd4^2","age^2"), use.stratum="hospital", B=25, 
+            var.remove=c("patient","cd4slope6"),print.time=TRUE,print.warnings=FALSE) 
The analysis will run for about another 3.9 minute(s) 
The analysis time was 5.21 minute(s) 
> m2

Estimates for model selection:

                      Estimate Std.Error Lower CI Upper CI
sex                   -0.19705   0.10421 -0.40144  0.00735
age                    0.02226   0.00541  0.01166  0.03287
cd4                   -0.00434   0.00098 -0.00627 -0.00241
weight                -0.02768   0.00497 -0.03779 -0.01756
as.factor.period.2004 -0.29598   0.12051 -0.53234 -0.05961
as.factor.period.2007 -0.23995   0.27185  -0.7728  0.29289
haem                  -0.09245   0.02836  -0.1489 -0.03599
as.factor.stage.3      0.38748   0.21405 -0.03212  0.80708
as.factor.stage.4      0.86306   0.21345  0.44466  1.28146
tb                     0.35316   0.13688  0.08379  0.62253
cm                      0.4327   0.35624 -0.37554  1.24094
I.cd4.2.                     x         x        x        x
I.age.2.                     x         x        x        x

Bootstrap estimates for model selection (based on 25 bootstrap samples):

                      Estimate Lower CI Upper CI (Boot. mean) (Boot. SE)
sex                   -0.19705 -0.38253  0.00000     -0.20800    0.11642
age                    0.02226  0.00000  0.09547      0.02501    0.02667
cd4                   -0.00434 -0.00600 -0.00166     -0.00399    0.00117
weight                -0.02768 -0.03673 -0.02132     -0.02825    0.00476
as.factor.period.2004 -0.29598 -0.52263  0.00000     -0.28270    0.17956
as.factor.period.2007 -0.23995 -0.59441  0.06674     -0.17796    0.21393
haem                  -0.09245 -0.17513 -0.02746     -0.10478    0.03579
as.factor.stage.3      0.38748 -0.12528  0.44498      0.18350    0.16538
as.factor.stage.4      0.86306  0.34560  0.92027      0.68399    0.17560
tb                     0.35316  0.04746  0.66541      0.38290    0.18453
cm                     0.43270  0.00000  0.79179      0.31125    0.27230
I.cd4.2.               0.00000  0.00000  0.00001      0.00000    0.00000
I.age.2.               0.00000 -0.00096  0.00035     -0.00002    0.00034


> plot(m2)
> 
> # ii) Linear model
> # Model selection and averaging to identify predictors for immune recovery 6 months
> # after starting antiretroviral therapy, presented as CD4 slope which is the average
> # change in number of CD4 cells per week (deaths are ignored for this example)
> 
> # AIC based model selection (stepAIC) after multiple imputation 
> mami(HIV_imp, method="criterion.selection", ycol="cd4slope6", 
+      add.factor=c("hospital","stage","period"), var.remove=c("patient","dead","futime"))
Note: Bootstrap confidence intervals are preferred after model selection. Standard confidence intervals after model selection may be overoptimistic. 
Note: The following variables are treated as factors: hospital stage period 
Busy with model selection in imputed dataset no. 1 
Busy with model selection in imputed dataset no. 2 
Busy with model selection in imputed dataset no. 3 
Busy with model selection in imputed dataset no. 4 
Busy with model selection in imputed dataset no. 5 

Estimates for model selection:

                      Estimate Std.Error Lower CI Upper CI
X.Intercept.           7.36408   0.67968  5.98449  8.74368
as.factor.hospital.4  -0.50564   0.29628 -1.12601  0.11473
as.factor.hospital.5  -0.60667   0.29309 -1.24128  0.02794
sex                    0.63673   0.21495  0.20447  1.06898
age                   -0.00354   0.00986 -0.02707  0.01999
cd4                   -0.00089   0.00147 -0.00454  0.00276
weight                -0.02576   0.00818 -0.04259 -0.00894
as.factor.period.2004  0.42746   0.28015 -0.12413  0.97905
as.factor.period.2007  2.06875   0.38542  1.31173  2.82578
haem                         x         x        x        x
as.factor.stage.3     -0.32603    0.3805 -1.22313  0.57108
as.factor.stage.4     -0.32479   0.38297 -1.21343  0.56385
tb                           x         x        x        x
cm                    -1.11397   0.65961 -2.42948  0.20154


> # Model averaging (AIC weights) for variables typically captured
> mami(HIV_imp,ycol="cd4slope6", add.factor=c("hospital","stage","period"),
+      var.remove=c("patient","dead","futime","tb","cm","haem"))
Note: The following variables are treated as factors: hospital stage period 
Busy with model averaging in imputed dataset no. 1 
Busy with model averaging in imputed dataset no. 2 
Busy with model averaging in imputed dataset no. 3 
Busy with model averaging in imputed dataset no. 4 
Busy with model averaging in imputed dataset no. 5 

Estimates for model averaging:

                      Estimate Std.Error Lower CI Upper CI
X.Intercept.           7.29527   0.76886  5.76557  8.82497
as.factor.hospital.4  -0.00609   0.01056 -0.02699  0.01480
as.factor.hospital.5  -0.45297   0.33656 -1.17224  0.26630
sex                   -0.55274   0.35559 -1.34651  0.24104
age                    0.45161   0.28440 -0.10919  1.01241
cd4                    2.13448   0.39381  1.36016  2.90881
weight                -0.27700   0.34142 -0.96608  0.41208
as.factor.period.2004 -0.26526   0.36161 -1.00389  0.47336
as.factor.period.2007 -0.00089   0.00132 -0.00373  0.00194
as.factor.stage.3      0.61719   0.25331  0.09900  1.13538
as.factor.stage.4     -0.02499   0.00841 -0.04217 -0.00782

Estimates for model selection:

                      Estimate Std.Error Lower CI Upper CI
X.Intercept.           7.31498   0.68394  5.92391  8.70606
as.factor.hospital.4  -0.49053   0.29500 -1.10745  0.12639
as.factor.hospital.5  -0.59204   0.29245 -1.22492  0.04084
sex                    0.63863   0.21470  0.20703  1.07023
age                   -0.00358   0.00996 -0.02741  0.02024
cd4                   -0.00088   0.00146 -0.00450  0.00274
weight                -0.02568   0.00831 -0.04286 -0.00850
as.factor.period.2004  0.44049   0.27875 -0.10800  0.98899
as.factor.period.2007  2.10185   0.38525  1.34513  2.85858
as.factor.stage.3     -0.32591   0.38069 -1.22353  0.57171
as.factor.stage.4     -0.32935   0.38688 -1.22961  0.57090

Variable importance (based on model averaging weights):

  as.factor(period)              weight                 sex as.factor(hospital) 
               1.00                0.99                0.97                0.88 
                cd4    as.factor(stage)                 age 
               0.55                0.54                0.45 

> # Mallow's model averaging
> mami(HIV_imp, method="MMA", ycol="cd4slope6", add.factor=c("hospital","stage","period"),
+      var.remove=c("patient","dead","futime"))
Note: The results of MMA depend on the ordering of the regressors. 
Note: The following variables are treated as factors: hospital stage period 
Busy with Mallow's model averaging in imputed dataset no. 1 
Busy with Mallow's model averaging in imputed dataset no. 2 
Busy with Mallow's model averaging in imputed dataset no. 3 
Busy with Mallow's model averaging in imputed dataset no. 4 
Busy with Mallow's model averaging in imputed dataset no. 5 

Estimates for model averaging:

                      Estimate Std.Error Lower CI Upper CI
X.Intercept.           7.32123   0.87849  5.58388  9.05859
as.factor.hospital.4  -0.48002   0.31150 -1.12175  0.16172
as.factor.hospital.5  -0.57111   0.31221 -1.22672  0.08451
sex                    0.56558   0.26105  0.04347  1.08769
age                   -0.01083   0.01180 -0.03425  0.01260
cd4                   -0.00115   0.00129 -0.00384  0.00154
weight                -0.02180   0.00927 -0.04017 -0.00343
as.factor.period.2004  0.42270   0.30112 -0.17006  1.01546
as.factor.period.2007  1.94583   0.57700  0.81444  3.07722
haem                  -0.00014   0.02188 -0.04303  0.04275
as.factor.stage.3     -0.19524   0.29459 -0.77807  0.38759
as.factor.stage.4     -0.17239   0.30526 -0.78146  0.43669
tb                    -0.02990   0.19313 -0.41926  0.35945
cm                    -0.41255   0.71095 -1.83905  1.01395


> 
> 
> #########################################################################################
> # Example 3:   Model selection/averaging with no missing data, using shrinkage          #
> # Example from Tibshirani, R. (1996) Regression shrinkage and selection via the lasso,  #
> # Journal of the Royal Statistical Society, Series B 58(1), 267-288.                    #
> # Useful to use mami to obtain Bootstrap CI after model selection/averaging             #
> #########################################################################################
> 
> library(lasso2)
> data(Prostate)
> mami(Prostate,method="LASSO/LAE",missing.data="none",ycol="lpsa"
+      ,kfold=10) # LASSO (selection/averaging) based on 10-fold CV

Estimates for model averaging:

             Estimate Std.Error Lower CI Upper CI
X.Intercept.  2.47839   0.08429  2.31318  2.64359
lcavol        0.63590   0.10707  0.42605  0.84575
lweight       0.18465   0.10010 -0.01154  0.38084
age          -0.06357   0.08786 -0.23577  0.10863
lbph          0.10023   0.08868 -0.07358  0.27404
svi           0.25803   0.12286  0.01723  0.49883
lcp          -0.06412   0.09931 -0.25877  0.13052
gleason       0.01417   0.06505 -0.11332  0.14167
pgg45         0.07403   0.09714 -0.11637  0.26442

Estimates for model selection:

             Estimate Std.Error Lower CI Upper CI
X.Intercept.  2.47839   0.08292  2.31587  2.64091
lcavol        0.62115   0.09234  0.44017  0.80213
lweight       0.19060   0.09132  0.01162  0.36959
age          -0.04780   0.05283 -0.15135  0.05574
lbph          0.10315   0.07231 -0.03858  0.24487
svi           0.24619   0.10735  0.03578  0.45659
lcp           0.00000   0.04963 -0.09727  0.09727
gleason       0.00000   0.05110 -0.10015  0.10015
pgg45         0.06346   0.07008 -0.07389  0.20081

Variable importance (based on model averaging weights):

 lcavol     svi lweight    lbph   pgg45     age     lcp gleason 
   1.00    1.00    0.96    0.96    0.96    0.43    0.43    0.43 

> mami(Prostate,missing.data="none",ycol="lpsa")  # AIC based averaging

Estimates for model averaging:

             Estimate Std.Error Lower CI Upper CI
X.Intercept.  0.24523   1.09082 -1.89273  2.38320
lcavol       -0.00766   0.01106 -0.02934  0.01402
lweight       0.02706   0.08950 -0.14836  0.20247
age           0.06723   0.06977 -0.06952  0.20398
lbph          0.55887   0.08362  0.39497  0.72276
svi          -0.02318   0.06318 -0.14701  0.10065
lcp           0.43509   0.20314  0.03695  0.83324
gleason       0.00155   0.00301 -0.00435  0.00745
pgg45         0.68046   0.25293  0.18473  1.17620

Estimates for model selection:

             Estimate Std.Error Lower CI Upper CI
X.Intercept.  0.95102   0.83174 -0.67916   2.5812
lcavol        0.56561   0.07459  0.41941   0.7118
lweight       0.42369   0.16687  0.09663  0.75075
age          -0.01489   0.01075 -0.03596  0.00618
lbph          0.11184   0.05805 -0.00194  0.22562
svi           0.72096   0.20902  0.31128  1.13063
lcp                 x         x        x        x
gleason             x         x        x        x
pgg45               x         x        x        x

Variable importance (based on model averaging weights):

 lcavol     svi lweight    lbph     age   pgg45     lcp gleason 
   1.00    0.98    0.94    0.65    0.50    0.41    0.34    0.33 

> m3 <- mami(Prostate,missing.data="none",ycol="lpsa", inference="+bootstrapping",
+            B=50,print.time=TRUE) # with Boostrap CI
The analysis will run for about another 1.02 minute(s) 
Now start with bootstrap estimation... 
The analysis time was 1.07 minute(s) 
> m3

Estimates for model averaging:

             Estimate Std.Error Lower CI Upper CI
X.Intercept.  0.24523   1.09082 -1.89273  2.38320
lcavol       -0.00766   0.01106 -0.02934  0.01402
lweight       0.02706   0.08950 -0.14836  0.20247
age           0.06723   0.06977 -0.06952  0.20398
lbph          0.55887   0.08362  0.39497  0.72276
svi          -0.02318   0.06318 -0.14701  0.10065
lcp           0.43509   0.20314  0.03695  0.83324
gleason       0.00155   0.00301 -0.00435  0.00745
pgg45         0.68046   0.25293  0.18473  1.17620

Bootstrap estimates for model averaging (based on 50 bootstrap samples):

             Estimate Lower CI Upper CI (Boot. mean) (Boot. SE)
X.Intercept.  0.24523 -1.99995  2.33932      0.29618    1.19811
lcavol       -0.00766 -0.03486  0.00207     -0.01235    0.01040
lweight       0.02706 -0.11993  0.20968      0.02280    0.08225
age           0.06723 -0.02547  0.19996      0.06503    0.06198
lbph          0.55887  0.40539  0.70171      0.55623    0.08354
svi          -0.02318 -0.23108  0.09961     -0.05098    0.07997
lcp           0.43509  0.05949  1.00426      0.49810    0.26925
gleason       0.00155 -0.00044  0.01168      0.00329    0.00343
pgg45         0.68046  0.16101  0.97746      0.66126    0.23480

Estimates for model selection:

             Estimate Std.Error Lower CI Upper CI
X.Intercept.  0.95102   0.83174 -0.67916   2.5812
lcavol        0.56561   0.07459  0.41941   0.7118
lweight       0.42369   0.16687  0.09663  0.75075
age          -0.01489   0.01075 -0.03596  0.00618
lbph          0.11184   0.05805 -0.00194  0.22562
svi           0.72096   0.20902  0.31128  1.13063
lcp                 x         x        x        x
gleason             x         x        x        x
pgg45               x         x        x        x

Bootstrap estimates for model selection (based on 50 bootstrap samples):

             Estimate Lower CI Upper CI (Boot. mean) (Boot. SE)
X.Intercept.  0.95102 -2.21435  2.69788      0.33265    1.34999
lcavol        0.56561  0.37613  0.71578      0.55545    0.09274
lweight       0.42369  0.00000  1.06092      0.52950    0.27938
age          -0.01489 -0.03632  0.00000     -0.01522    0.01273
lbph          0.11184 -0.05257  0.21682      0.06368    0.07885
svi           0.72096  0.00000  1.00315      0.68139    0.26677
lcp           0.00000 -0.25151  0.00000     -0.05991    0.10695
gleason       0.00000  0.00000  0.30781      0.02523    0.09388
pgg45         0.00000  0.00000  0.01241      0.00374    0.00431

Variable importance (based on model averaging weights):

 lcavol     svi lweight    lbph     age   pgg45     lcp gleason 
   1.00    0.98    0.94    0.65    0.50    0.41    0.34    0.33 

> plot(m3) # a few bimodal distributions: effect or not?
> 
> 
> 
> cleanEx()
> nameEx("mma")
> ### * mma
> 
> flush(stderr()); flush(stdout())
> 
> ### Name: mma
> ### Title: MMA: Mallow's Model Averaging
> ### Aliases: mma
> ### Keywords: Model Averaging
> 
> ### ** Examples
> 
> library(lasso2)
> data(Prostate)
> mma(Prostate,modelformula=lpsa~.,ycol="lpsa")
Coefficients:
               (Intercept) lcavol lweight    age   lbph    svi    lcp gleason
averaged est.        0.856  0.587   0.398 -0.012  0.089  0.573  0.000   0.000
standard error       0.883  0.091   0.191  0.011  0.068  0.321  0.000   0.000
               pgg45
averaged est.      0
standard error     0
> 
> 
> 
> cleanEx()
> nameEx("plot.lae")
> ### * plot.lae
> 
> flush(stderr()); flush(stdout())
> 
> ### Name: plot.lae
> ### Title: Visualize estimates from Lasso Averaging Estimation
> ### Aliases: plot.lae
> ### Keywords: Shrinkage Model Averaging
> 
> ### ** Examples
> 
> library(lasso2)
> data(Prostate)
> l1 <- lae(Prostate, ycol=9, kfold=10, my.formula=lpsa~.)
> plot(l1,xaxis="realnumbers")
> 
> 
> 
> cleanEx()
> nameEx("plot.mami")
> ### * plot.mami
> 
> flush(stderr()); flush(stdout())
> 
> ### Name: plot.mami
> ### Title: Plot bootstrap results when utilizing model selection/averaging
> ###   after multiple imputation
> ### Aliases: plot.mami
> ### Keywords: Model Averaging Model Selection Multiple Imputation
> 
> ### ** Examples
> 
> library(Amelia)
> data(freetrade)
> freetrade$pop <- log(freetrade$pop) # in line with original publication
> freetrade_imp <- amelia(freetrade, ts = "year", cs = "country", noms="signed", polytime = 2,
+                         intercs = TRUE, empri = 2)
-- Imputation 1 --

  1  2  3  4  5  6  7  8  9 10 11 12 13 14 15 16 17 18 19 20
 21 22 23 24

-- Imputation 2 --

  1  2  3  4  5  6  7  8  9 10 11 12 13 14 15 16 17 18 19 20
 21 22 23 24 25 26 27 28 29 30 31 32 33 34 35 36

-- Imputation 3 --

  1  2  3  4  5  6  7  8  9 10 11 12 13 14 15 16 17

-- Imputation 4 --

  1  2  3  4  5  6  7  8  9 10 11 12 13 14 15 16 17

-- Imputation 5 --

  1  2  3  4  5  6  7  8  9 10 11 12 13 14 15 16 17

> m1 <- mami(freetrade_imp, method="criterion.selection", ycol="tariff",add.factor=c("country"),
+            inference="+bootstrapping", B=25,X.org=freetrade,print.time=TRUE)
Note: The following variables are treated as factors: country 
Busy with model selection in imputed dataset no. 1 
Busy with model selection in imputed dataset no. 2 
Busy with model selection in imputed dataset no. 3 
Busy with model selection in imputed dataset no. 4 
Busy with model selection in imputed dataset no. 5 
The analysis will run for about another 0 minute(s) 
Now start with bootstrap estimation... 
-- Imputation 1 --

  1  2  3  4  5  6  7  8  9 10 11 12 13 14 15 16 17 18

-- Imputation 2 --

  1  2  3  4  5  6  7  8  9 10 11 12 13 14 15 16 17 18 19

-- Imputation 3 --

  1  2  3  4  5  6  7  8  9 10 11 12 13 14 15 16

-- Imputation 4 --

  1  2  3  4  5  6  7  8  9 10 11 12 13 14 15 16

-- Imputation 5 --

  1  2  3  4  5  6  7  8  9 10 11 12 13 14 15 16 17 18 19 20
 21 22 23

Busy with model selection in imputed dataset no. 1 
Busy with model selection in imputed dataset no. 2 
Busy with model selection in imputed dataset no. 3 
Busy with model selection in imputed dataset no. 4 
Busy with model selection in imputed dataset no. 5 
-- Imputation 1 --

  1  2  3  4  5  6  7  8  9 10 11 12 13 14 15 16 17 18 19 20
 21 22 23 24 25 26 27 28

-- Imputation 2 --

  1  2  3  4  5  6  7  8  9 10 11 12 13 14 15 16 17 18 19 20
 21 22 23 24 25 26 27 28 29 30 31 32 33 34 35 36 37

-- Imputation 3 --

  1  2  3  4  5  6  7  8  9 10 11 12 13 14 15 16 17 18 19 20


-- Imputation 4 --

  1  2  3  4  5  6  7  8  9 10 11 12 13 14 15 16 17 18 19 20
 21 22 23 24 25 26 27 28

-- Imputation 5 --

  1  2  3  4  5  6  7  8  9 10 11 12 13 14 15 16 17 18

Busy with model selection in imputed dataset no. 1 
Busy with model selection in imputed dataset no. 2 
Busy with model selection in imputed dataset no. 3 
Busy with model selection in imputed dataset no. 4 
Busy with model selection in imputed dataset no. 5 
-- Imputation 1 --

  1  2  3  4  5  6  7  8  9 10 11 12 13 14 15 16 17 18 19

-- Imputation 2 --

  1  2  3  4  5  6  7  8  9 10 11 12 13 14 15 16 17 18 19 20
 21 22 23 24 25 26

-- Imputation 3 --

  1  2  3  4  5  6  7  8  9 10 11 12 13 14 15 16 17 18 19 20


-- Imputation 4 --

  1  2  3  4  5  6  7  8  9 10 11 12 13 14 15 16 17 18 19 20
 21 22 23 24

-- Imputation 5 --

  1  2  3  4  5  6  7  8  9 10 11 12 13 14 15 16 17 18 19 20
 21 22 23 24 25 26

Busy with model selection in imputed dataset no. 1 
Busy with model selection in imputed dataset no. 2 
Busy with model selection in imputed dataset no. 3 
Busy with model selection in imputed dataset no. 4 
Busy with model selection in imputed dataset no. 5 
-- Imputation 1 --

  1  2  3  4  5  6  7  8  9 10 11 12 13 14 15 16 17 18 19 20
 21 22 23 24 25 26 27 28 29 30 31 32 33 34 35 36 37 38 39 40
 41 42 43 44 45 46 47 48 49 50 51 52 53 54 55 56 57 58 59 60
 61 62 63

-- Imputation 2 --

  1  2  3  4  5  6  7  8  9 10 11 12 13 14 15 16 17 18 19 20
 21 22 23 24 25 26 27 28 29 30 31

-- Imputation 3 --

  1  2  3  4  5  6  7  8  9 10 11 12 13 14 15 16 17 18 19 20
 21 22 23 24 25 26 27

-- Imputation 4 --

  1  2  3  4  5  6  7  8  9 10 11 12 13 14 15 16 17 18 19 20
 21 22 23 24 25 26 27 28 29 30 31 32 33 34 35 36 37 38 39 40
 41 42 43 44 45 46 47

-- Imputation 5 --

  1  2  3  4  5  6  7  8  9 10 11 12 13 14 15 16 17 18 19 20
 21 22 23 24 25 26 27 28 29 30 31 32 33 34

Busy with model selection in imputed dataset no. 1 
Busy with model selection in imputed dataset no. 2 
Busy with model selection in imputed dataset no. 3 
Busy with model selection in imputed dataset no. 4 
Busy with model selection in imputed dataset no. 5 
-- Imputation 1 --

  1  2  3  4  5  6  7  8  9 10 11 12 13 14 15 16 17 18 19 20
 21 22 23 24 25

-- Imputation 2 --

  1  2  3  4  5  6  7  8  9 10 11 12 13 14 15 16 17 18 19 20
 21 22 23 24 25 26 27 28 29 30 31 32 33 34 35 36

-- Imputation 3 --

  1  2  3  4  5  6  7  8  9 10 11 12 13 14 15 16 17 18 19 20
 21 22 23 24 25 26 27 28 29 30 31 32

-- Imputation 4 --

  1  2  3  4  5  6  7  8  9 10 11 12 13 14 15 16 17 18 19 20
 21 22 23 24 25 26 27 28

-- Imputation 5 --

  1  2  3  4  5  6  7  8  9 10 11 12 13 14 15 16 17 18 19 20
 21 22 23 24 25 26 27 28 29 30 31 32 33 34 35 36 37 38 39

Busy with model selection in imputed dataset no. 1 
Busy with model selection in imputed dataset no. 2 
Busy with model selection in imputed dataset no. 3 
Busy with model selection in imputed dataset no. 4 
Busy with model selection in imputed dataset no. 5 
-- Imputation 1 --

  1  2  3  4  5  6  7  8  9 10 11 12 13 14 15 16 17 18 19 20
 21 22 23 24 25

-- Imputation 2 --

  1  2  3  4  5  6  7  8  9 10 11 12 13 14 15 16 17 18 19 20
 21 22 23 24 25 26 27 28 29 30 31 32

-- Imputation 3 --

  1  2  3  4  5  6  7  8  9 10 11 12 13 14 15 16 17 18 19 20
 21 22 23 24

-- Imputation 4 --

  1  2  3  4  5  6  7  8  9 10 11 12 13 14 15 16 17 18 19 20
 21 22 23 24 25 26 27 28 29

-- Imputation 5 --

  1  2  3  4  5  6  7  8  9 10 11 12 13 14 15 16 17 18 19

Busy with model selection in imputed dataset no. 1 
Busy with model selection in imputed dataset no. 2 
Busy with model selection in imputed dataset no. 3 
Busy with model selection in imputed dataset no. 4 
Busy with model selection in imputed dataset no. 5 
-- Imputation 1 --

  1  2  3  4  5  6  7  8  9 10 11 12 13 14 15 16 17 18 19 20
 21 22 23 24

-- Imputation 2 --

  1  2  3  4  5  6  7  8  9 10 11 12 13 14 15 16 17 18 19 20
 21 22 23 24 25 26 27 28 29

-- Imputation 3 --

  1  2  3  4  5  6  7  8  9 10 11 12 13 14 15 16 17 18 19 20
 21 22 23 24 25 26 27 28 29 30

-- Imputation 4 --

  1  2  3  4  5  6  7  8  9 10 11 12 13 14 15 16 17 18 19 20
 21 22 23 24 25 26

-- Imputation 5 --

  1  2  3  4  5  6  7  8  9 10 11 12 13 14 15 16 17 18 19

Busy with model selection in imputed dataset no. 1 
Busy with model selection in imputed dataset no. 2 
Busy with model selection in imputed dataset no. 3 
Busy with model selection in imputed dataset no. 4 
Busy with model selection in imputed dataset no. 5 
-- Imputation 1 --

  1  2  3  4  5  6  7  8  9 10 11 12 13 14 15 16 17 18 19 20
 21

-- Imputation 2 --

  1  2  3  4  5  6  7  8  9 10 11 12 13 14 15 16 17 18 19 20
 21 22 23 24 25 26 27 28 29 30 31 32 33 34 35 36 37 38 39

-- Imputation 3 --

  1  2  3  4  5  6  7  8  9 10 11 12 13 14 15 16 17 18 19 20
 21 22 23 24 25 26 27 28

-- Imputation 4 --

  1  2  3  4  5  6  7  8  9 10 11 12 13 14 15 16 17 18 19 20


-- Imputation 5 --

  1  2  3  4  5  6  7  8  9 10 11 12 13 14 15 16 17 18 19 20
 21 22 23 24 25 26

Busy with model selection in imputed dataset no. 1 
Busy with model selection in imputed dataset no. 2 
Busy with model selection in imputed dataset no. 3 
Busy with model selection in imputed dataset no. 4 
Busy with model selection in imputed dataset no. 5 
-- Imputation 1 --

  1  2  3  4  5  6  7  8  9 10 11 12 13 14 15 16 17 18 19 20
 21 22 23 24 25 26 27 28 29

-- Imputation 2 --

  1  2  3  4  5  6  7  8  9 10 11 12 13 14 15 16 17 18 19 20
 21 22 23

-- Imputation 3 --

  1  2  3  4  5  6  7  8  9 10 11 12 13 14 15 16 17 18 19 20
 21 22 23 24 25 26 27

-- Imputation 4 --

  1  2  3  4  5  6  7  8  9 10 11 12 13 14 15 16 17 18 19 20
 21 22 23 24 25

-- Imputation 5 --

  1  2  3  4  5  6  7  8  9 10 11 12 13 14 15 16 17 18 19 20
 21 22 23 24 25 26 27

Busy with model selection in imputed dataset no. 1 
Busy with model selection in imputed dataset no. 2 
Busy with model selection in imputed dataset no. 3 
Busy with model selection in imputed dataset no. 4 
Busy with model selection in imputed dataset no. 5 
-- Imputation 1 --

  1  2  3  4  5  6  7  8  9 10 11 12 13 14 15 16 17 18 19 20
 21 22 23 24 25 26 27

-- Imputation 2 --

  1  2  3  4  5  6  7  8  9 10 11 12 13 14 15 16 17 18 19 20
 21 22 23 24 25 26 27 28 29 30 31 32 33 34

-- Imputation 3 --

  1  2  3  4  5  6  7  8  9 10 11 12 13 14 15 16 17 18 19 20
 21 22 23 24 25 26 27 28 29

-- Imputation 4 --

  1  2  3  4  5  6  7  8  9 10 11 12 13 14 15 16 17 18 19 20
 21 22 23 24 25 26 27 28 29 30 31 32 33 34 35 36 37 38 39 40
 41 42 43 44 45 46 47 48 49 50 51 52 53 54 55 56 57 58 59 60
 61 62 63 64

-- Imputation 5 --

  1  2  3  4  5  6  7  8  9 10 11 12 13 14 15 16 17 18 19 20
 21 22 23 24 25 26 27 28 29 30 31 32 33 34 35 36 37 38 39 40
 41 42 43 44 45 46 47 48 49 50

Busy with model selection in imputed dataset no. 1 
Busy with model selection in imputed dataset no. 2 
Busy with model selection in imputed dataset no. 3 
Busy with model selection in imputed dataset no. 4 
Busy with model selection in imputed dataset no. 5 
-- Imputation 1 --

  1  2  3  4  5  6  7  8  9 10 11 12 13 14 15 16 17 18 19 20
 21 22 23 24 25

-- Imputation 2 --

  1  2  3  4  5  6  7  8  9 10 11 12 13 14 15 16 17 18 19 20
 21 22 23 24 25 26 27 28 29

-- Imputation 3 --

  1  2  3  4  5  6  7  8  9 10 11 12 13 14 15 16 17 18 19 20
 21 22 23 24 25 26 27

-- Imputation 4 --

  1  2  3  4  5  6  7  8  9 10 11 12 13 14 15 16 17 18 19 20
 21

-- Imputation 5 --

  1  2  3  4  5  6  7  8  9 10 11 12 13 14 15 16 17 18 19 20
 21 22

Busy with model selection in imputed dataset no. 1 
Busy with model selection in imputed dataset no. 2 
Busy with model selection in imputed dataset no. 3 
Busy with model selection in imputed dataset no. 4 
Busy with model selection in imputed dataset no. 5 
-- Imputation 1 --

  1  2  3  4  5  6  7  8  9 10 11 12 13 14 15 16 17

-- Imputation 2 --

  1  2  3  4  5  6  7  8  9 10 11 12 13 14 15 16 17 18 19 20
 21 22 23 24 25 26

-- Imputation 3 --

  1  2  3  4  5  6  7  8  9 10 11 12 13 14 15 16 17 18 19 20
 21 22 23 24

-- Imputation 4 --

  1  2  3  4  5  6  7  8  9 10 11 12 13 14 15 16 17 18 19 20
 21 22 23

-- Imputation 5 --

  1  2  3  4  5  6  7  8  9 10 11 12 13 14 15 16 17 18 19

Busy with model selection in imputed dataset no. 1 
Busy with model selection in imputed dataset no. 2 
Busy with model selection in imputed dataset no. 3 
Busy with model selection in imputed dataset no. 4 
Busy with model selection in imputed dataset no. 5 
-- Imputation 1 --

  1  2  3  4  5  6  7  8  9 10 11 12 13 14 15 16 17 18 19 20
 21 22 23 24 25 26 27 28 29 30 31 32 33 34

-- Imputation 2 --

  1  2  3  4  5  6  7  8  9 10 11 12 13 14 15 16 17 18 19 20
 21 22 23 24 25

-- Imputation 3 --

  1  2  3  4  5  6  7  8  9 10 11 12 13 14 15 16 17 18 19 20
 21 22 23 24 25 26 27

-- Imputation 4 --

  1  2  3  4  5  6  7  8  9 10 11 12 13 14 15 16 17 18 19 20
 21 22

-- Imputation 5 --

  1  2  3  4  5  6  7  8  9 10 11 12 13 14 15 16 17 18 19 20
 21 22 23 24 25 26

Busy with model selection in imputed dataset no. 1 
Busy with model selection in imputed dataset no. 2 
Busy with model selection in imputed dataset no. 3 
Busy with model selection in imputed dataset no. 4 
Busy with model selection in imputed dataset no. 5 
-- Imputation 1 --

  1  2  3  4  5  6  7  8  9 10 11 12 13 14 15 16 17 18 19 20
 21 22 23 24 25 26 27 28 29

-- Imputation 2 --

  1  2  3  4  5  6  7  8  9 10 11 12 13 14 15 16 17 18 19 20
 21 22 23 24 25 26 27 28 29 30

-- Imputation 3 --

  1  2  3  4  5  6  7  8  9 10 11 12 13 14 15 16 17 18 19 20


-- Imputation 4 --

  1  2  3  4  5  6  7  8  9 10 11 12 13 14 15 16 17 18 19 20
 21 22 23

-- Imputation 5 --

  1  2  3  4  5  6  7  8  9 10 11 12 13 14 15 16 17 18 19 20
 21 22 23 24 25

Busy with model selection in imputed dataset no. 1 
Busy with model selection in imputed dataset no. 2 
Busy with model selection in imputed dataset no. 3 
Busy with model selection in imputed dataset no. 4 
Busy with model selection in imputed dataset no. 5 
-- Imputation 1 --

  1  2  3  4  5  6  7  8  9 10 11 12 13 14 15

-- Imputation 2 --

  1  2  3  4  5  6  7  8  9 10 11 12 13 14 15 16 17 18 19 20
 21 22 23 24 25 26

-- Imputation 3 --

  1  2  3  4  5  6  7  8  9 10 11 12 13 14 15 16 17 18 19 20
 21 22

-- Imputation 4 --

  1  2  3  4  5  6  7  8  9 10 11 12 13 14 15 16

-- Imputation 5 --

  1  2  3  4  5  6  7  8  9 10 11 12 13 14 15 16 17 18 19 20
 21 22 23 24 25 26 27

Busy with model selection in imputed dataset no. 1 
Busy with model selection in imputed dataset no. 2 
Busy with model selection in imputed dataset no. 3 
Busy with model selection in imputed dataset no. 4 
Busy with model selection in imputed dataset no. 5 
-- Imputation 1 --

  1  2  3  4  5  6  7  8  9 10 11 12 13 14 15 16 17 18 19 20
 21 22 23 24 25 26 27 28 29 30 31 32 33 34

-- Imputation 2 --

  1  2  3  4  5  6  7  8  9 10 11 12 13 14 15 16 17 18 19 20
 21 22 23 24 25 26 27 28 29

-- Imputation 3 --

  1  2  3  4  5  6  7  8  9 10 11 12 13 14 15 16 17 18 19 20
 21 22 23 24 25 26 27 28 29 30 31 32 33 34 35 36 37 38 39 40
 41 42 43 44 45 46 47 48 49 50 51 52 53 54

-- Imputation 4 --

  1  2  3  4  5  6  7  8  9 10 11 12 13 14 15 16 17 18 19 20


-- Imputation 5 --

  1  2  3  4  5  6  7  8  9 10 11 12 13 14 15 16 17 18 19 20
 21 22

Busy with model selection in imputed dataset no. 1 
Busy with model selection in imputed dataset no. 2 
Busy with model selection in imputed dataset no. 3 
Busy with model selection in imputed dataset no. 4 
Busy with model selection in imputed dataset no. 5 
-- Imputation 1 --

  1  2  3  4  5  6  7  8  9 10 11 12 13 14 15 16 17 18 19 20
 21 22 23 24 25 26 27 28 29 30 31 32 33 34 35 36 37

-- Imputation 2 --

  1  2  3  4  5  6  7  8  9 10 11 12 13 14 15 16 17 18 19 20
 21 22 23 24 25

-- Imputation 3 --

  1  2  3  4  5  6  7  8  9 10 11 12 13 14 15 16 17 18 19 20
 21 22 23 24 25 26 27 28 29 30 31 32 33 34 35

-- Imputation 4 --

  1  2  3  4  5  6  7  8  9 10 11 12 13 14 15 16 17 18 19 20
 21 22 23 24 25 26 27 28 29 30 31 32 33 34 35 36 37 38 39 40
 41 42 43

-- Imputation 5 --

  1  2  3  4  5  6  7  8  9 10 11 12 13 14 15 16 17 18 19 20
 21 22 23 24

Busy with model selection in imputed dataset no. 1 
Busy with model selection in imputed dataset no. 2 
Busy with model selection in imputed dataset no. 3 
Busy with model selection in imputed dataset no. 4 
Busy with model selection in imputed dataset no. 5 
-- Imputation 1 --

  1  2  3  4  5  6  7  8  9 10 11 12 13 14 15 16 17 18 19 20
 21 22 23 24 25 26 27 28 29 30

-- Imputation 2 --

  1  2  3  4  5  6  7  8  9 10 11 12 13 14 15 16 17 18 19 20
 21 22 23 24 25 26 27

-- Imputation 3 --

  1  2  3  4  5  6  7  8  9 10 11 12 13 14 15 16 17 18 19 20
 21 22 23 24 25 26

-- Imputation 4 --

  1  2  3  4  5  6  7  8  9 10 11 12 13 14 15 16 17 18 19 20
 21 22 23 24 25 26 27 28 29 30 31 32 33 34 35 36 37 38 39 40
 41 42 43

-- Imputation 5 --

  1  2  3  4  5  6  7  8  9 10 11 12 13 14 15 16 17 18 19 20


Busy with model selection in imputed dataset no. 1 
Busy with model selection in imputed dataset no. 2 
Busy with model selection in imputed dataset no. 3 
Busy with model selection in imputed dataset no. 4 
Busy with model selection in imputed dataset no. 5 
-- Imputation 1 --

  1  2  3  4  5  6  7  8  9 10 11 12 13 14 15 16 17 18 19 20
 21 22 23 24 25 26

-- Imputation 2 --

  1  2  3  4  5  6  7  8  9 10 11 12 13 14 15 16 17 18 19 20
 21 22 23

-- Imputation 3 --

  1  2  3  4  5  6  7  8  9 10 11 12 13 14 15 16 17 18 19 20
 21 22 23 24 25 26 27 28 29 30 31 32 33 34 35 36 37 38 39 40
 41 42 43 44 45 46 47 48 49 50 51 52 53 54 55 56 57 58

-- Imputation 4 --

  1  2  3  4  5  6  7  8  9 10 11 12 13 14 15 16 17 18 19 20
 21 22 23 24 25 26 27 28 29 30 31 32 33 34 35 36 37 38 39 40
 41

-- Imputation 5 --

  1  2  3  4  5  6  7  8  9 10 11 12 13 14 15 16 17 18 19 20
 21 22 23 24 25 26 27 28 29 30

Busy with model selection in imputed dataset no. 1 
Busy with model selection in imputed dataset no. 2 
Busy with model selection in imputed dataset no. 3 
Busy with model selection in imputed dataset no. 4 
Busy with model selection in imputed dataset no. 5 
-- Imputation 1 --

  1  2  3  4  5  6  7  8  9 10 11 12 13 14 15 16 17 18 19 20
 21 22 23 24 25 26 27 28 29 30

-- Imputation 2 --

  1  2  3  4  5  6  7  8  9 10 11 12 13 14 15 16 17 18 19 20
 21 22 23 24 25 26 27

-- Imputation 3 --

  1  2  3  4  5  6  7  8  9 10 11 12 13 14 15 16 17 18 19 20
 21 22 23 24 25 26 27 28 29

-- Imputation 4 --

  1  2  3  4  5  6  7  8  9 10 11 12 13 14 15 16 17 18 19 20
 21 22

-- Imputation 5 --

  1  2  3  4  5  6  7  8  9 10 11 12 13 14 15 16 17 18 19 20
 21 22 23 24 25

Busy with model selection in imputed dataset no. 1 
Busy with model selection in imputed dataset no. 2 
Busy with model selection in imputed dataset no. 3 
Busy with model selection in imputed dataset no. 4 
Busy with model selection in imputed dataset no. 5 
-- Imputation 1 --

  1  2  3  4  5  6  7  8  9 10 11 12 13 14 15 16 17 18 19 20
 21 22 23 24 25 26 27 28 29

-- Imputation 2 --

  1  2  3  4  5  6  7  8  9 10 11 12 13 14 15 16 17 18 19 20
 21 22 23 24 25 26 27 28 29 30 31 32 33 34 35

-- Imputation 3 --

  1  2  3  4  5  6  7  8  9 10 11 12 13 14 15 16 17 18 19 20
 21

-- Imputation 4 --

  1  2  3  4  5  6  7  8  9 10 11 12 13 14 15 16 17 18 19 20
 21 22 23 24 25 26 27 28 29 30 31 32 33 34

-- Imputation 5 --

  1  2  3  4  5  6  7  8  9 10 11 12 13 14 15 16 17 18 19 20
 21 22 23 24 25 26 27 28 29 30 31 32 33 34

Busy with model selection in imputed dataset no. 1 
Busy with model selection in imputed dataset no. 2 
Busy with model selection in imputed dataset no. 3 
Busy with model selection in imputed dataset no. 4 
Busy with model selection in imputed dataset no. 5 
-- Imputation 1 --

  1  2  3  4  5  6  7  8  9 10 11 12 13 14 15 16

-- Imputation 2 --

  1  2  3  4  5  6  7  8  9 10 11 12

-- Imputation 3 --

  1  2  3  4  5  6  7  8  9 10 11 12 13 14 15 16 17 18 19 20


-- Imputation 4 --

  1  2  3  4  5  6  7  8  9 10 11 12 13 14 15 16 17 18

-- Imputation 5 --

  1  2  3  4  5  6  7  8  9 10 11 12 13 14

Busy with model selection in imputed dataset no. 1 
Busy with model selection in imputed dataset no. 2 
Busy with model selection in imputed dataset no. 3 
Busy with model selection in imputed dataset no. 4 
Busy with model selection in imputed dataset no. 5 
-- Imputation 1 --

  1  2  3  4  5  6  7  8  9 10 11 12 13 14 15 16 17 18 19 20
 21

-- Imputation 2 --

  1  2  3  4  5  6  7  8  9 10 11 12 13 14 15 16 17 18 19 20
 21 22 23 24 25 26 27 28

-- Imputation 3 --

  1  2  3  4  5  6  7  8  9 10 11 12 13 14 15 16 17 18 19 20
 21 22 23

-- Imputation 4 --

  1  2  3  4  5  6  7  8  9 10 11 12 13 14 15 16 17 18 19 20
 21 22 23 24

-- Imputation 5 --

  1  2  3  4  5  6  7  8  9 10 11 12 13 14 15 16 17 18 19 20
 21 22 23 24 25 26 27 28 29 30 31 32 33 34 35 36

Busy with model selection in imputed dataset no. 1 
Busy with model selection in imputed dataset no. 2 
Busy with model selection in imputed dataset no. 3 
Busy with model selection in imputed dataset no. 4 
Busy with model selection in imputed dataset no. 5 
-- Imputation 1 --

  1  2  3  4  5  6  7  8  9 10 11 12 13 14 15 16 17 18 19 20
 21 22 23 24

-- Imputation 2 --

  1  2  3  4  5  6  7  8  9 10 11 12 13 14 15 16 17 18 19 20
 21 22 23 24 25 26 27 28 29 30 31 32 33 34

-- Imputation 3 --

  1  2  3  4  5  6  7  8  9 10 11 12 13 14 15 16 17 18 19 20
 21 22 23 24 25 26 27 28 29 30

-- Imputation 4 --

  1  2  3  4  5  6  7  8  9 10 11 12 13 14 15 16 17 18 19 20
 21 22 23 24 25

-- Imputation 5 --

  1  2  3  4  5  6  7  8  9 10 11 12 13 14 15 16 17 18 19 20
 21 22 23 24 25 26 27 28

Busy with model selection in imputed dataset no. 1 
Busy with model selection in imputed dataset no. 2 
Busy with model selection in imputed dataset no. 3 
Busy with model selection in imputed dataset no. 4 
Busy with model selection in imputed dataset no. 5 
-- Imputation 1 --

  1  2  3  4  5  6  7  8  9 10 11 12 13 14 15 16 17 18 19 20
 21 22 23 24 25 26 27 28 29 30 31 32 33 34

-- Imputation 2 --

  1  2  3  4  5  6  7  8  9 10 11 12 13 14 15 16 17 18 19 20


-- Imputation 3 --

  1  2  3  4  5  6  7  8  9 10 11 12 13 14 15 16 17 18 19 20
 21 22 23 24 25

-- Imputation 4 --

  1  2  3  4  5  6  7  8  9 10 11 12 13 14 15 16 17 18 19 20
 21 22 23 24 25

-- Imputation 5 --

  1  2  3  4  5  6  7  8  9 10 11 12 13 14 15 16 17 18 19 20
 21 22

Busy with model selection in imputed dataset no. 1 
Busy with model selection in imputed dataset no. 2 
Busy with model selection in imputed dataset no. 3 
Busy with model selection in imputed dataset no. 4 
Busy with model selection in imputed dataset no. 5 
-- Imputation 1 --

  1  2  3  4  5  6  7  8  9 10 11 12 13 14 15 16

-- Imputation 2 --

  1  2  3  4  5  6  7  8  9 10 11 12 13 14 15 16 17 18 19 20


-- Imputation 3 --

  1  2  3  4  5  6  7  8  9 10 11 12 13 14 15 16 17 18 19 20
 21

-- Imputation 4 --

  1  2  3  4  5  6  7  8  9 10 11 12 13 14 15 16 17

-- Imputation 5 --

  1  2  3  4  5  6  7  8  9 10 11 12 13 14 15 16 17 18 19 20
 21 22 23

Busy with model selection in imputed dataset no. 1 
Busy with model selection in imputed dataset no. 2 
Busy with model selection in imputed dataset no. 3 
Busy with model selection in imputed dataset no. 4 
Busy with model selection in imputed dataset no. 5 
The analysis time was 0.23 minute(s) 
> m1 # be patient with bootstrapping, increase B>=200 for better results

Estimates for model selection:

                                Estimate Std.Error   Lower CI   Upper CI
X.Intercept.                  1879.88295 842.13999  131.91178 3627.85413
year                            -1.16403   0.70682   -2.67786     0.3498
as.factor.country.Indonesia      19.7087  49.48524  -90.93776  130.35517
as.factor.country.Korea         50.13404  89.14088 -147.98471  248.25278
as.factor.country.Malaysia      89.37726 120.40299 -180.09707   358.8516
as.factor.country.Nepal         98.26834 121.71188 -174.84403   371.3807
as.factor.country.Pakistan      81.75551  64.72922  -62.25931  225.77034
as.factor.country.Philippines   61.62364  82.47558 -122.27384  245.52112
as.factor.country.SriLanka     113.93879  124.3845 -164.54202  392.41959
as.factor.country.Thailand      70.73488  85.75561 -121.05159  262.52134
polity                                 x         x          x          x
pop                             37.52385  31.60717  -33.16763  108.21534
gdp.pc                           0.00265   0.00097    0.00068    0.00463
intresmi                         1.78221   1.00496   -0.44845    4.01288
signed                                 x         x          x          x
fiveop                         -19.70913   4.25842  -28.07166  -11.34659
usheg                         -106.00271  56.23518 -218.63405    6.62862

Bootstrap estimates for model selection (based on 25 bootstrap samples):

                                Estimate   Lower CI   Upper CI (Boot. mean)
X.Intercept.                  1879.88295  894.89041 2633.21848   1764.15898
year                            -1.16403   -1.74347   -0.31063     -0.98134
as.factor.country.Indonesia     19.70870  -43.49613   52.21176     -1.48467
as.factor.country.Korea         50.13404  -65.58059  100.20044     11.31046
as.factor.country.Malaysia      89.37726  -65.40724  155.41760     37.51399
as.factor.country.Nepal         98.26834  -57.84153  168.48328     46.61984
as.factor.country.Pakistan      81.75551   -6.04733  124.86360     52.78917
as.factor.country.Philippines   61.62364  -48.67896  114.11465     25.62479
as.factor.country.SriLanka     113.93879  -50.42649  188.32255     60.61244
as.factor.country.Thailand      70.73488  -44.96516  117.97758     32.84458
polity                           0.00000   -0.27702    0.16827     -0.01812
pop                             37.52385   -4.87786   54.56217     23.62405
gdp.pc                           0.00265    0.00082    0.00401      0.00233
intresmi                         1.78221   -0.55692    3.45457      1.54195
signed                           0.00000   -1.21760    2.70673      0.50551
fiveop                         -19.70913  -25.66066   -6.18818    -17.17517
usheg                         -106.00271 -168.33918    0.00000    -85.64010
                              (Boot. SE)
X.Intercept.                   535.63678
year                             0.42313
as.factor.country.Indonesia     28.97935
as.factor.country.Korea         51.61715
as.factor.country.Malaysia      68.21769
as.factor.country.Nepal         69.42405
as.factor.country.Pakistan      38.70379
as.factor.country.Philippines   49.18328
as.factor.country.SriLanka      72.53547
as.factor.country.Thailand      49.86774
polity                           0.12339
pop                             18.56689
gdp.pc                           0.00094
intresmi                         1.15052
signed                           1.09458
fiveop                           5.68274
usheg                           57.36325


> plot(m1) 
> 
> 
> 
> cleanEx()
> nameEx("print.lae")
> ### * print.lae
> 
> flush(stderr()); flush(stdout())
> 
> ### Name: print.lae
> ### Title: Printing results of Lasso Averaging Estimation
> ### Aliases: print.lae
> ### Keywords: Model Averaging Shrinkage
> 
> ### ** Examples
> 
> library(lasso2)
> data(Prostate)
> l1<-lae(Prostate, ycol=9, kfold=10, my.formula=lpsa~.)
> print(l1)
Coefficients:
              LAE est        se     LASSO        se       OLS     se
(Intercept)  2.478387  0.081857  2.478387  0.080295  2.478387 0.0719
lcavol       0.635901  0.101657  0.621150  0.084812  0.691880 0.1036
lweight      0.184649  0.092567  0.190604  0.079558  0.225699 0.0844
age         -0.063568  0.097746 -0.047802  0.069186 -0.146201 0.0832
lbph         0.100227  0.089490  0.103148  0.073640  0.155315 0.0848
svi          0.258033  0.099699  0.246185  0.078812  0.317185 0.1011
lcp         -0.064124  0.123083  0.000000  0.079712 -0.147478 0.1273
gleason      0.014172  0.066297  0.000000  0.050507  0.032594 0.1137
pgg45        0.074026  0.103155  0.063460  0.077115  0.127632 0.1247

        Importance
Interc.     1.0000
lcavol      1.0000
lweight     0.9621
age         0.4348
lbph        0.9621
svi         1.0000
lcp         0.4348
gleason     0.4348
pgg45       0.9621

LAE weights:
            w1 w2 w3 w4 w5 w6 w7 w8 w9 w10 w11 w12 w13 w14 w15 w16 w17 w18 w19
OCV weights  0  0  0  0  0  0  0  0  0   0   0   0   0   0   0   0   0   0   0
            w20 w21 w22 w23 w24 w25    w26 w27 w28 w29 w30 w31 w32 w33 w34 w35
OCV weights   0   0   0   0   0   0 0.0379   0   0   0   0   0   0   0   0   0
            w36 w37 w38 w39 w40 w41 w42 w43 w44 w45 w46 w47 w48 w49 w50 w51 w52
OCV weights   0   0   0   0   0   0   0   0   0   0   0   0   0   0   0   0   0
            w53 w54 w55 w56 w57 w58    w59   w60 w61 w62 w63 w64 w65 w66 w67
OCV weights   0   0   0   0   0   0 0.4683 0.059   0   0   0   0   0   0   0
            w68 w69 w70 w71 w72 w73 w74 w75 w76 w77 w78 w79 w80 w81 w82 w83 w84
OCV weights   0   0   0   0   0   0   0   0   0   0   0   0   0   0   0   0   0
            w85 w86 w87 w88 w89 w90 w91 w92 w93 w94 w95 w96 w97 w98 w99   w100
OCV weights   0   0   0   0   0   0   0   0   0   0   0   0   0   0   0 0.4348
> 
> 
> 
> cleanEx()
> nameEx("print.mami")
> ### * print.mami
> 
> flush(stderr()); flush(stdout())
> 
> ### Name: print.mami
> ### Title: Printing results of model selection and model averaging after
> ###   multiple imputation
> ### Aliases: print.mami
> ### Keywords: Model Averaging Model Selection Multiple Imputation
> 
> ### ** Examples
> 
> library(Amelia)
> data(freetrade)
> freetrade$pop <- log(freetrade$pop) # in line with original publication
> freetrade_imp <- amelia(freetrade, p2s=0, ts = "year", cs = "country", noms="signed",
+                         polytime = 2, intercs = TRUE, empri = 2)
> m1 <- mami(freetrade_imp, method="criterion.average", ycol="tariff",add.factor=c("country"))
Note: The following variables are treated as factors: country 
Busy with model averaging in imputed dataset no. 1 
Busy with model averaging in imputed dataset no. 2 
Busy with model averaging in imputed dataset no. 3 
Busy with model averaging in imputed dataset no. 4 
Busy with model averaging in imputed dataset no. 5 
> print(m1)

Estimates for model averaging:

                                Estimate  Std.Error   Lower CI   Upper CI
X.Intercept.                  1585.27284 1151.93439 -879.28422 4049.82991
year                            -1.10377   53.55344 -115.68760  113.48006
as.factor.country.Indonesia     12.37026   96.77867 -193.92357  218.66408
as.factor.country.Korea         38.98401  130.62947 -240.97572  318.94374
as.factor.country.Malaysia      47.67883  132.07953 -236.04465  331.40231
as.factor.country.Nepal         53.75142   70.78387  -97.33898  204.84181
as.factor.country.Pakistan      26.33235   90.04896 -166.23423  218.89893
as.factor.country.Philippines   61.42288  135.52329 -229.35715  352.20292
as.factor.country.SriLanka      34.70658   92.82872 -163.92808  233.34123
as.factor.country.Thailand     -19.47323    4.96954  -29.31585   -9.63060
polity                           0.00231    0.00113    0.00002    0.00461
pop                              1.53374    1.24994   -1.32785    4.39533
gdp.pc                           0.01482    0.12488   -0.23138    0.26103
intresmi                        24.20696   34.47990  -49.72429   98.13821
signed                          -0.03637    1.09036   -2.18392    2.11118
fiveop                         -97.75570   73.90941 -250.43546   54.92405
usheg                           -0.88048    0.91652   -2.85522    1.09426

Estimates for model selection:

                                Estimate Std.Error   Lower CI   Upper CI
X.Intercept.                  1879.88295 842.13999  131.91178 3627.85413
year                            -1.16403   0.70682   -2.67786     0.3498
as.factor.country.Indonesia      19.7087  49.48524  -90.93776  130.35517
as.factor.country.Korea         50.13404  89.14088 -147.98471  248.25278
as.factor.country.Malaysia      89.37726 120.40299 -180.09707   358.8516
as.factor.country.Nepal         98.26834 121.71188 -174.84403   371.3807
as.factor.country.Pakistan      81.75551  64.72922  -62.25931  225.77034
as.factor.country.Philippines   61.62364  82.47558 -122.27384  245.52112
as.factor.country.SriLanka     113.93879  124.3845 -164.54202  392.41959
as.factor.country.Thailand      70.73488  85.75561 -121.05159  262.52134
polity                                 x         x          x          x
pop                             37.52385  31.60717  -33.16763  108.21534
gdp.pc                           0.00265   0.00097    0.00068    0.00463
intresmi                         1.78221   1.00496   -0.44845    4.01288
signed                                 x         x          x          x
fiveop                         -19.70913   4.25842  -28.07166  -11.34659
usheg                         -106.00271  56.23518 -218.63405    6.62862

Variable importance (based on model averaging weights):

as.factor(country)             fiveop             gdp.pc           intresmi 
              1.00               1.00               0.96               0.83 
             usheg               year                pop             polity 
              0.82               0.74               0.63               0.32 
            signed 
              0.30 

> m1

Estimates for model averaging:

                                Estimate  Std.Error   Lower CI   Upper CI
X.Intercept.                  1585.27284 1151.93439 -879.28422 4049.82991
year                            -1.10377   53.55344 -115.68760  113.48006
as.factor.country.Indonesia     12.37026   96.77867 -193.92357  218.66408
as.factor.country.Korea         38.98401  130.62947 -240.97572  318.94374
as.factor.country.Malaysia      47.67883  132.07953 -236.04465  331.40231
as.factor.country.Nepal         53.75142   70.78387  -97.33898  204.84181
as.factor.country.Pakistan      26.33235   90.04896 -166.23423  218.89893
as.factor.country.Philippines   61.42288  135.52329 -229.35715  352.20292
as.factor.country.SriLanka      34.70658   92.82872 -163.92808  233.34123
as.factor.country.Thailand     -19.47323    4.96954  -29.31585   -9.63060
polity                           0.00231    0.00113    0.00002    0.00461
pop                              1.53374    1.24994   -1.32785    4.39533
gdp.pc                           0.01482    0.12488   -0.23138    0.26103
intresmi                        24.20696   34.47990  -49.72429   98.13821
signed                          -0.03637    1.09036   -2.18392    2.11118
fiveop                         -97.75570   73.90941 -250.43546   54.92405
usheg                           -0.88048    0.91652   -2.85522    1.09426

Estimates for model selection:

                                Estimate Std.Error   Lower CI   Upper CI
X.Intercept.                  1879.88295 842.13999  131.91178 3627.85413
year                            -1.16403   0.70682   -2.67786     0.3498
as.factor.country.Indonesia      19.7087  49.48524  -90.93776  130.35517
as.factor.country.Korea         50.13404  89.14088 -147.98471  248.25278
as.factor.country.Malaysia      89.37726 120.40299 -180.09707   358.8516
as.factor.country.Nepal         98.26834 121.71188 -174.84403   371.3807
as.factor.country.Pakistan      81.75551  64.72922  -62.25931  225.77034
as.factor.country.Philippines   61.62364  82.47558 -122.27384  245.52112
as.factor.country.SriLanka     113.93879  124.3845 -164.54202  392.41959
as.factor.country.Thailand      70.73488  85.75561 -121.05159  262.52134
polity                                 x         x          x          x
pop                             37.52385  31.60717  -33.16763  108.21534
gdp.pc                           0.00265   0.00097    0.00068    0.00463
intresmi                         1.78221   1.00496   -0.44845    4.01288
signed                                 x         x          x          x
fiveop                         -19.70913   4.25842  -28.07166  -11.34659
usheg                         -106.00271  56.23518 -218.63405    6.62862

Variable importance (based on model averaging weights):

as.factor(country)             fiveop             gdp.pc           intresmi 
              1.00               1.00               0.96               0.83 
             usheg               year                pop             polity 
              0.82               0.74               0.63               0.32 
            signed 
              0.30 

> 
> 
> 
> cleanEx()
> nameEx("print.mma")
> ### * print.mma
> 
> flush(stderr()); flush(stdout())
> 
> ### Name: print.mma
> ### Title: Printing results of Mallow's Model Averaging
> ### Aliases: print.mma
> ### Keywords: Model Averaging
> 
> ### ** Examples
> 
> library(lasso2)
> data(Prostate)
> m1 <- mma(Prostate,modelformula=lpsa~.,ycol=9)
> m1
Coefficients:
               (Intercept) lcavol lweight    age   lbph    svi    lcp gleason
averaged est.        0.856  0.587   0.398 -0.012  0.089  0.573  0.000   0.000
standard error       0.883  0.091   0.191  0.011  0.068  0.321  0.000   0.000
               pgg45
averaged est.      0
standard error     0
> 
> 
> 
> cleanEx()
> nameEx("summary.lae")
> ### * summary.lae
> 
> flush(stderr()); flush(stdout())
> 
> ### Name: summary.lae
> ### Title: Summarizes results from Lasso Averaging Estimation
> ### Aliases: summary.lae
> ### Keywords: Shrinkage Model Averaging
> 
> ### ** Examples
> 
> library(lasso2)
> data(Prostate)
> l1<-lae(Prostate, ycol=9, kfold=10, my.formula=lpsa~.)
> summary(l1)
Summary of LASSO averaging, LASSO and OLS estimation:

              LAE est        se     LASSO        se       OLS     se
(Intercept)  2.478387  0.081857  2.478387  0.080295  2.478387 0.0719
lcavol       0.635901  0.101657  0.621150  0.084812  0.691880 0.1036
lweight      0.184649  0.092567  0.190604  0.079558  0.225699 0.0844
age         -0.063568  0.097746 -0.047802  0.069186 -0.146201 0.0832
lbph         0.100227  0.089490  0.103148  0.073640  0.155315 0.0848
svi          0.258033  0.099699  0.246185  0.078812  0.317185 0.1011
lcp         -0.064124  0.123083  0.000000  0.079712 -0.147478 0.1273
gleason      0.014172  0.066297  0.000000  0.050507  0.032594 0.1137
pgg45        0.074026  0.103155  0.063460  0.077115  0.127632 0.1247

        Importance
Interc.     1.0000
lcavol      1.0000
lweight     0.9621
age         0.4348
lbph        0.9621
svi         1.0000
lcp         0.4348
gleason     0.4348
pgg45       0.9621
> 
> 
> 
> cleanEx()
> nameEx("summary.mami")
> ### * summary.mami
> 
> flush(stderr()); flush(stdout())
> 
> ### Name: summary.mami
> ### Title: Summarizes results of model selection and model averaging after
> ###   multiple imputation
> ### Aliases: summary.mami
> ### Keywords: Model Averaging Model Selection Multiple Imputation
> 
> ### ** Examples
> 
> library(Amelia)
> data(freetrade)
> freetrade$pop <- log(freetrade$pop) # in line with original publication
> freetrade_imp <- amelia(freetrade, p2s=0, ts = "year", cs = "country", noms="signed",
+                         polytime = 2, intercs = TRUE, empri = 2)
> m1 <- mami(freetrade_imp, method="criterion.average", ycol="tariff",add.factor=c("country"))
Note: The following variables are treated as factors: country 
Busy with model averaging in imputed dataset no. 1 
Busy with model averaging in imputed dataset no. 2 
Busy with model averaging in imputed dataset no. 3 
Busy with model averaging in imputed dataset no. 4 
Busy with model averaging in imputed dataset no. 5 
> summary(m1)

Estimates for model averaging:

                                Estimate  Std.Error   Lower CI   Upper CI
X.Intercept.                  1585.27284 1151.93439 -879.28422 4049.82991
year                            -1.10377   53.55344 -115.68760  113.48006
as.factor.country.Indonesia     12.37026   96.77867 -193.92357  218.66408
as.factor.country.Korea         38.98401  130.62947 -240.97572  318.94374
as.factor.country.Malaysia      47.67883  132.07953 -236.04465  331.40231
as.factor.country.Nepal         53.75142   70.78387  -97.33898  204.84181
as.factor.country.Pakistan      26.33235   90.04896 -166.23423  218.89893
as.factor.country.Philippines   61.42288  135.52329 -229.35715  352.20292
as.factor.country.SriLanka      34.70658   92.82872 -163.92808  233.34123
as.factor.country.Thailand     -19.47323    4.96954  -29.31585   -9.63060
polity                           0.00231    0.00113    0.00002    0.00461
pop                              1.53374    1.24994   -1.32785    4.39533
gdp.pc                           0.01482    0.12488   -0.23138    0.26103
intresmi                        24.20696   34.47990  -49.72429   98.13821
signed                          -0.03637    1.09036   -2.18392    2.11118
fiveop                         -97.75570   73.90941 -250.43546   54.92405
usheg                           -0.88048    0.91652   -2.85522    1.09426

Estimates for model selection:

                                Estimate Std.Error   Lower CI   Upper CI
X.Intercept.                  1879.88295 842.13999  131.91178 3627.85413
year                            -1.16403   0.70682   -2.67786     0.3498
as.factor.country.Indonesia      19.7087  49.48524  -90.93776  130.35517
as.factor.country.Korea         50.13404  89.14088 -147.98471  248.25278
as.factor.country.Malaysia      89.37726 120.40299 -180.09707   358.8516
as.factor.country.Nepal         98.26834 121.71188 -174.84403   371.3807
as.factor.country.Pakistan      81.75551  64.72922  -62.25931  225.77034
as.factor.country.Philippines   61.62364  82.47558 -122.27384  245.52112
as.factor.country.SriLanka     113.93879  124.3845 -164.54202  392.41959
as.factor.country.Thailand      70.73488  85.75561 -121.05159  262.52134
polity                                 x         x          x          x
pop                             37.52385  31.60717  -33.16763  108.21534
gdp.pc                           0.00265   0.00097    0.00068    0.00463
intresmi                         1.78221   1.00496   -0.44845    4.01288
signed                                 x         x          x          x
fiveop                         -19.70913   4.25842  -28.07166  -11.34659
usheg                         -106.00271  56.23518 -218.63405    6.62862

Variable importance (based on model averaging weights):

as.factor(country)             fiveop             gdp.pc           intresmi 
              1.00               1.00               0.96               0.83 
             usheg               year                pop             polity 
              0.82               0.74               0.63               0.32 
            signed 
              0.30 

> 
> 
> 
> ### * <FOOTER>
> ###
> options(digits = 7L)
> base::cat("Time elapsed: ", proc.time() - base::get("ptime", pos = 'CheckExEnv'),"\n")
Time elapsed:  636.81 1.71 666.04 NA NA 
> grDevices::dev.off()
null device 
          1 
> ###
> ### Local variables: ***
> ### mode: outline-minor ***
> ### outline-regexp: "\\(> \\)?### [*]+" ***
> ### End: ***
> quit('no')
